Build with Macros:
  GGML_SYCL_FORCE_MMQ: no
  GGML_SYCL_F16: yes
  GGML_SYCL_GRAPH: yes
  GGML_SYCL_DNNL: yes
  GGML_SYCL_SUPPORT_LEVEL_ZERO: yes
  GGML_SYCL_USE_VMM: yes
Running with Environment Variables:
  GGML_SYCL_DEBUG: 0
  GGML_SYCL_DISABLE_OPT: 0
  GGML_SYCL_DISABLE_GRAPH: 1
  GGML_SYCL_ENABLE_LEVEL_ZERO: 1
  GGML_SYCL_DISABLE_DNN: 0
  GGML_SYCL_ENABLE_VMM: 1
  GGML_SYCL_PRIORITIZE_DMMV: 0
  GGML_SYCL_USE_ASYNC_MEM_OP: 1
  GGML_SYCL_ENABLE_FLASH_ATTN: 1
Found 1 SYCL devices:
|  |                   |                                       |       |Max    |        |Max  |Global |                     |
|  |                   |                                       |       |compute|Max work|sub  |mem    |                     |
|ID|        Device Type|                                   Name|Version|units  |group   |group|size   |       Driver version|
|--|-------------------|---------------------------------------|-------|-------|--------|-----|-------|---------------------|
| 0| [level_zero:gpu:0]|             Intel Arc Pro B70 Graphics|   20.2|    256|    1024|   32| 34242M|         1.15.38308+1|
SYCL Optimization Feature:
|ID|        Device Type|Reorder|
|--|-------------------|-------|
| 0| [level_zero:gpu:0]|      Y|
Testing 2 devices

Backend 1/2: SYCL0
  Device description: Intel(R) Arc(TM) Pro B70 Graphics
  Device memory: 32656 MB (2991 MB free)

  MUL_MAT_ID(type_a=f16,type_b=f32,n_mats=16,n_used=16,b=0,m=32,n=1024,k=16): [1;32mOK[0m
  MUL_MAT_ID(type_a=f16,type_b=f32,n_mats=2,n_used=2,b=0,m=32,n=8192,k=64): [1;32mOK[0m
  MUL_MAT_ID(type_a=f16,type_b=f32,n_mats=16,n_used=16,b=0,m=50,n=200,k=64): [1;32mOK[0m
  MUL_MAT_ID(type_a=f16,type_b=f32,n_mats=16,n_used=16,b=1,m=32,n=1024,k=16): [1;32mOK[0m
  MUL_MAT_ID(type_a=f16,type_b=f32,n_mats=2,n_used=2,b=1,m=32,n=8192,k=64): [1;32mOK[0m
  MUL_MAT_ID(type_a=f16,type_b=f32,n_mats=16,n_used=16,b=1,m=50,n=200,k=64): [1;32mOK[0m
  MUL_MAT_ID(type_a=f16,type_b=f32,n_mats=1,n_used=1,b=0,m=8,n=16,k=1): [1;32mOK[0m
  MUL_MAT_ID(type_a=mxfp4,type_b=f32,n_mats=32,n_used=2,b=0,m=2880,n=32,k=2880): [1;32mOK[0m
  MUL_MAT_ID(type_a=f32,type_b=f32,n_mats=4,n_used=2,b=0,m=64,n=16,k=3): [1;32mOK[0m
  MUL_MAT_ID(type_a=f16,type_b=f32,n_mats=4,n_used=2,b=0,m=64,n=16,k=3): [1;32mOK[0m
  MUL_MAT_ID(type_a=bf16,type_b=f32,n_mats=4,n_used=2,b=0,m=64,n=16,k=3): [1;32mOK[0m
  MUL_MAT_ID(type_a=q4_0,type_b=f32,n_mats=4,n_used=2,b=0,m=64,n=16,k=96): [1;32mOK[0m
  MUL_MAT_ID(type_a=q4_1,type_b=f32,n_mats=4,n_used=2,b=0,m=64,n=16,k=96): [1;32mOK[0m
  MUL_MAT_ID(type_a=q5_0,type_b=f32,n_mats=4,n_used=2,b=0,m=64,n=16,k=96): [1;32mOK[0m
  MUL_MAT_ID(type_a=q5_1,type_b=f32,n_mats=4,n_used=2,b=0,m=64,n=16,k=96): [1;32mOK[0m
  MUL_MAT_ID(type_a=q8_0,type_b=f32,n_mats=4,n_used=2,b=0,m=64,n=16,k=96): [1;32mOK[0m
  MUL_MAT_ID(type_a=q1_0,type_b=f32,n_mats=4,n_used=2,b=0,m=64,n=16,k=384): not supported [SYCL0] 
  MUL_MAT_ID(type_a=mxfp4,type_b=f32,n_mats=4,n_used=2,b=0,m=64,n=16,k=96): [1;32mOK[0m
  MUL_MAT_ID(type_a=nvfp4,type_b=f32,n_mats=4,n_used=2,b=0,m=64,n=16,k=192): [1;32mOK[0m
  MUL_MAT_ID(type_a=q2_K,type_b=f32,n_mats=4,n_used=2,b=0,m=64,n=16,k=768): [1;32mOK[0m
  MUL_MAT_ID(type_a=q3_K,type_b=f32,n_mats=4,n_used=2,b=0,m=64,n=16,k=768): [1;32mOK[0m
  MUL_MAT_ID(type_a=q4_K,type_b=f32,n_mats=4,n_used=2,b=0,m=64,n=16,k=768): [1;32mOK[0m
  MUL_MAT_ID(type_a=q5_K,type_b=f32,n_mats=4,n_used=2,b=0,m=64,n=16,k=768): [1;32mOK[0m
  MUL_MAT_ID(type_a=q6_K,type_b=f32,n_mats=4,n_used=2,b=0,m=64,n=16,k=768): [1;32mOK[0m
  MUL_MAT_ID(type_a=iq2_xxs,type_b=f32,n_mats=4,n_used=2,b=0,m=64,n=16,k=768): [1;32mOK[0m
  MUL_MAT_ID(type_a=iq2_xs,type_b=f32,n_mats=4,n_used=2,b=0,m=64,n=16,k=768): [1;32mOK[0m
  MUL_MAT_ID(type_a=iq2_s,type_b=f32,n_mats=4,n_used=2,b=0,m=64,n=16,k=768): [1;32mOK[0m
  MUL_MAT_ID(type_a=iq3_xxs,type_b=f32,n_mats=4,n_used=2,b=0,m=64,n=16,k=768): [1;32mOK[0m
  MUL_MAT_ID(type_a=iq1_s,type_b=f32,n_mats=4,n_used=2,b=0,m=64,n=16,k=768): [1;32mOK[0m
  MUL_MAT_ID(type_a=iq1_m,type_b=f32,n_mats=4,n_used=2,b=0,m=64,n=16,k=768): [1;32mOK[0m
  MUL_MAT_ID(type_a=iq4_nl,type_b=f32,n_mats=4,n_used=2,b=0,m=64,n=16,k=96): [1;32mOK[0m
  MUL_MAT_ID(type_a=iq3_s,type_b=f32,n_mats=4,n_used=2,b=0,m=64,n=16,k=768): [1;32mOK[0m
  MUL_MAT_ID(type_a=iq4_xs,type_b=f32,n_mats=4,n_used=2,b=0,m=64,n=16,k=768): [1;32mOK[0m
  MUL_MAT_ID(type_a=f32,type_b=f32,n_mats=4,n_used=1,b=0,m=512,n=1,k=256): [1;32mOK[0m
  MUL_MAT_ID(type_a=f32,type_b=f32,n_mats=4,n_used=1,b=0,m=512,n=4,k=256): [1;32mOK[0m
  MUL_MAT_ID(type_a=f32,type_b=f32,n_mats=4,n_used=1,b=0,m=512,n=5,k=256): [1;32mOK[0m
  MUL_MAT_ID(type_a=f32,type_b=f32,n_mats=4,n_used=1,b=0,m=512,n=17,k=256): [1;32mOK[0m
  MUL_MAT_ID(type_a=f32,type_b=f32,n_mats=4,n_used=1,b=0,m=512,n=32,k=256): [1;32mOK[0m
  MUL_MAT_ID(type_a=f32,type_b=f32,n_mats=4,n_used=1,b=0,m=512,n=129,k=256): [1;32mOK[0m
  MUL_MAT_ID(type_a=f32,type_b=f32,n_mats=4,n_used=1,b=1,m=512,n=1,k=256): [1;32mOK[0m
  MUL_MAT_ID(type_a=f32,type_b=f32,n_mats=4,n_used=1,b=1,m=512,n=4,k=256): [1;32mOK[0m
  MUL_MAT_ID(type_a=f32,type_b=f32,n_mats=4,n_used=1,b=1,m=512,n=5,k=256): [1;32mOK[0m
  MUL_MAT_ID(type_a=f32,type_b=f32,n_mats=4,n_used=1,b=1,m=512,n=17,k=256): [1;32mOK[0m
  MUL_MAT_ID(type_a=f32,type_b=f32,n_mats=4,n_used=1,b=1,m=512,n=32,k=256): [1;32mOK[0m
  MUL_MAT_ID(type_a=f32,type_b=f32,n_mats=4,n_used=1,b=1,m=512,n=129,k=256): [1;32mOK[0m
  MUL_MAT_ID(type_a=f32,type_b=f32,n_mats=4,n_used=2,b=0,m=512,n=1,k=256): [1;32mOK[0m
  MUL_MAT_ID(type_a=f32,type_b=f32,n_mats=4,n_used=2,b=0,m=512,n=4,k=256): [1;32mOK[0m
  MUL_MAT_ID(type_a=f32,type_b=f32,n_mats=4,n_used=2,b=0,m=512,n=5,k=256): [1;32mOK[0m
  MUL_MAT_ID(type_a=f32,type_b=f32,n_mats=4,n_used=2,b=0,m=512,n=17,k=256): [1;32mOK[0m
  MUL_MAT_ID(type_a=f32,type_b=f32,n_mats=4,n_used=2,b=0,m=512,n=32,k=256): [1;32mOK[0m
  MUL_MAT_ID(type_a=f32,type_b=f32,n_mats=4,n_used=2,b=0,m=512,n=129,k=256): [1;32mOK[0m
  MUL_MAT_ID(type_a=f32,type_b=f32,n_mats=4,n_used=2,b=1,m=512,n=1,k=256): [1;32mOK[0m
  MUL_MAT_ID(type_a=f32,type_b=f32,n_mats=4,n_used=2,b=1,m=512,n=4,k=256): [1;32mOK[0m
  MUL_MAT_ID(type_a=f32,type_b=f32,n_mats=4,n_used=2,b=1,m=512,n=5,k=256): [1;32mOK[0m
  MUL_MAT_ID(type_a=f32,type_b=f32,n_mats=4,n_used=2,b=1,m=512,n=17,k=256): [1;32mOK[0m
  MUL_MAT_ID(type_a=f32,type_b=f32,n_mats=4,n_used=2,b=1,m=512,n=32,k=256): [1;32mOK[0m
  MUL_MAT_ID(type_a=f32,type_b=f32,n_mats=4,n_used=2,b=1,m=512,n=129,k=256): [1;32mOK[0m
  MUL_MAT_ID(type_a=f32,type_b=f32,n_mats=4,n_used=4,b=0,m=512,n=1,k=256): [1;32mOK[0m
  MUL_MAT_ID(type_a=f32,type_b=f32,n_mats=4,n_used=4,b=0,m=512,n=4,k=256): [1;32mOK[0m
  MUL_MAT_ID(type_a=f32,type_b=f32,n_mats=4,n_used=4,b=0,m=512,n=5,k=256): [1;32mOK[0m
  MUL_MAT_ID(type_a=f32,type_b=f32,n_mats=4,n_used=4,b=0,m=512,n=17,k=256): [1;32mOK[0m
  MUL_MAT_ID(type_a=f32,type_b=f32,n_mats=4,n_used=4,b=0,m=512,n=32,k=256): [1;32mOK[0m
  MUL_MAT_ID(type_a=f32,type_b=f32,n_mats=4,n_used=4,b=0,m=512,n=129,k=256): [1;32mOK[0m
  MUL_MAT_ID(type_a=f32,type_b=f32,n_mats=4,n_used=4,b=1,m=512,n=1,k=256): [1;32mOK[0m
  MUL_MAT_ID(type_a=f32,type_b=f32,n_mats=4,n_used=4,b=1,m=512,n=4,k=256): [1;32mOK[0m
  MUL_MAT_ID(type_a=f32,type_b=f32,n_mats=4,n_used=4,b=1,m=512,n=5,k=256): [1;32mOK[0m
  MUL_MAT_ID(type_a=f32,type_b=f32,n_mats=4,n_used=4,b=1,m=512,n=17,k=256): [1;32mOK[0m
  MUL_MAT_ID(type_a=f32,type_b=f32,n_mats=4,n_used=4,b=1,m=512,n=32,k=256): [1;32mOK[0m
  MUL_MAT_ID(type_a=f32,type_b=f32,n_mats=4,n_used=4,b=1,m=512,n=129,k=256): [1;32mOK[0m
  MUL_MAT_ID(type_a=f32,type_b=f32,n_mats=8,n_used=1,b=0,m=512,n=1,k=256): [1;32mOK[0m
  MUL_MAT_ID(type_a=f32,type_b=f32,n_mats=8,n_used=1,b=0,m=512,n=4,k=256): [1;32mOK[0m
  MUL_MAT_ID(type_a=f32,type_b=f32,n_mats=8,n_used=1,b=0,m=512,n=5,k=256): [1;32mOK[0m
  MUL_MAT_ID(type_a=f32,type_b=f32,n_mats=8,n_used=1,b=0,m=512,n=17,k=256): [1;32mOK[0m
  MUL_MAT_ID(type_a=f32,type_b=f32,n_mats=8,n_used=1,b=0,m=512,n=32,k=256): [1;32mOK[0m
  MUL_MAT_ID(type_a=f32,type_b=f32,n_mats=8,n_used=1,b=0,m=512,n=129,k=256): [1;32mOK[0m
  MUL_MAT_ID(type_a=f32,type_b=f32,n_mats=8,n_used=1,b=1,m=512,n=1,k=256): [1;32mOK[0m
  MUL_MAT_ID(type_a=f32,type_b=f32,n_mats=8,n_used=1,b=1,m=512,n=4,k=256): [1;32mOK[0m
  MUL_MAT_ID(type_a=f32,type_b=f32,n_mats=8,n_used=1,b=1,m=512,n=5,k=256): [1;32mOK[0m
  MUL_MAT_ID(type_a=f32,type_b=f32,n_mats=8,n_used=1,b=1,m=512,n=17,k=256): [1;32mOK[0m
  MUL_MAT_ID(type_a=f32,type_b=f32,n_mats=8,n_used=1,b=1,m=512,n=32,k=256): [1;32mOK[0m
  MUL_MAT_ID(type_a=f32,type_b=f32,n_mats=8,n_used=1,b=1,m=512,n=129,k=256): [1;32mOK[0m
  MUL_MAT_ID(type_a=f32,type_b=f32,n_mats=8,n_used=2,b=0,m=512,n=1,k=256): [1;32mOK[0m
  MUL_MAT_ID(type_a=f32,type_b=f32,n_mats=8,n_used=2,b=0,m=512,n=4,k=256): [1;32mOK[0m
  MUL_MAT_ID(type_a=f32,type_b=f32,n_mats=8,n_used=2,b=0,m=512,n=5,k=256): [1;32mOK[0m
  MUL_MAT_ID(type_a=f32,type_b=f32,n_mats=8,n_used=2,b=0,m=512,n=17,k=256): [1;32mOK[0m
  MUL_MAT_ID(type_a=f32,type_b=f32,n_mats=8,n_used=2,b=0,m=512,n=32,k=256): [1;32mOK[0m
  MUL_MAT_ID(type_a=f32,type_b=f32,n_mats=8,n_used=2,b=0,m=512,n=129,k=256): [1;32mOK[0m
  MUL_MAT_ID(type_a=f32,type_b=f32,n_mats=8,n_used=2,b=1,m=512,n=1,k=256): [1;32mOK[0m
  MUL_MAT_ID(type_a=f32,type_b=f32,n_mats=8,n_used=2,b=1,m=512,n=4,k=256): [1;32mOK[0m
  MUL_MAT_ID(type_a=f32,type_b=f32,n_mats=8,n_used=2,b=1,m=512,n=5,k=256): [1;32mOK[0m
  MUL_MAT_ID(type_a=f32,type_b=f32,n_mats=8,n_used=2,b=1,m=512,n=17,k=256): [1;32mOK[0m
  MUL_MAT_ID(type_a=f32,type_b=f32,n_mats=8,n_used=2,b=1,m=512,n=32,k=256): [1;32mOK[0m
  MUL_MAT_ID(type_a=f32,type_b=f32,n_mats=8,n_used=2,b=1,m=512,n=129,k=256): [1;32mOK[0m
  MUL_MAT_ID(type_a=f32,type_b=f32,n_mats=8,n_used=4,b=0,m=512,n=1,k=256): [1;32mOK[0m
  MUL_MAT_ID(type_a=f32,type_b=f32,n_mats=8,n_used=4,b=0,m=512,n=4,k=256): [1;32mOK[0m
  MUL_MAT_ID(type_a=f32,type_b=f32,n_mats=8,n_used=4,b=0,m=512,n=5,k=256): [1;32mOK[0m
  MUL_MAT_ID(type_a=f32,type_b=f32,n_mats=8,n_used=4,b=0,m=512,n=17,k=256): [1;32mOK[0m
  MUL_MAT_ID(type_a=f32,type_b=f32,n_mats=8,n_used=4,b=0,m=512,n=32,k=256): [1;32mOK[0m
  MUL_MAT_ID(type_a=f32,type_b=f32,n_mats=8,n_used=4,b=0,m=512,n=129,k=256): [1;32mOK[0m
  MUL_MAT_ID(type_a=f32,type_b=f32,n_mats=8,n_used=4,b=1,m=512,n=1,k=256): [1;32mOK[0m
  MUL_MAT_ID(type_a=f32,type_b=f32,n_mats=8,n_used=4,b=1,m=512,n=4,k=256): [1;32mOK[0m
  MUL_MAT_ID(type_a=f32,type_b=f32,n_mats=8,n_used=4,b=1,m=512,n=5,k=256): [1;32mOK[0m
  MUL_MAT_ID(type_a=f32,type_b=f32,n_mats=8,n_used=4,b=1,m=512,n=17,k=256): [1;32mOK[0m
  MUL_MAT_ID(type_a=f32,type_b=f32,n_mats=8,n_used=4,b=1,m=512,n=32,k=256): [1;32mOK[0m
  MUL_MAT_ID(type_a=f32,type_b=f32,n_mats=8,n_used=4,b=1,m=512,n=129,k=256): [1;32mOK[0m
  MUL_MAT_ID(type_a=f16,type_b=f32,n_mats=4,n_used=1,b=0,m=512,n=1,k=256): [1;32mOK[0m
  MUL_MAT_ID(type_a=f16,type_b=f32,n_mats=4,n_used=1,b=0,m=512,n=4,k=256): [1;32mOK[0m
  MUL_MAT_ID(type_a=f16,type_b=f32,n_mats=4,n_used=1,b=0,m=512,n=5,k=256): [1;32mOK[0m
  MUL_MAT_ID(type_a=f16,type_b=f32,n_mats=4,n_used=1,b=0,m=512,n=17,k=256): [1;32mOK[0m
  MUL_MAT_ID(type_a=f16,type_b=f32,n_mats=4,n_used=1,b=0,m=512,n=32,k=256): [1;32mOK[0m
  MUL_MAT_ID(type_a=f16,type_b=f32,n_mats=4,n_used=1,b=0,m=512,n=129,k=256): [1;32mOK[0m
  MUL_MAT_ID(type_a=f16,type_b=f32,n_mats=4,n_used=1,b=1,m=512,n=1,k=256): [1;32mOK[0m
  MUL_MAT_ID(type_a=f16,type_b=f32,n_mats=4,n_used=1,b=1,m=512,n=4,k=256): [1;32mOK[0m
  MUL_MAT_ID(type_a=f16,type_b=f32,n_mats=4,n_used=1,b=1,m=512,n=5,k=256): [1;32mOK[0m
  MUL_MAT_ID(type_a=f16,type_b=f32,n_mats=4,n_used=1,b=1,m=512,n=17,k=256): [1;32mOK[0m
  MUL_MAT_ID(type_a=f16,type_b=f32,n_mats=4,n_used=1,b=1,m=512,n=32,k=256): [1;32mOK[0m
  MUL_MAT_ID(type_a=f16,type_b=f32,n_mats=4,n_used=1,b=1,m=512,n=129,k=256): [1;32mOK[0m
  MUL_MAT_ID(type_a=f16,type_b=f32,n_mats=4,n_used=2,b=0,m=512,n=1,k=256): [1;32mOK[0m
  MUL_MAT_ID(type_a=f16,type_b=f32,n_mats=4,n_used=2,b=0,m=512,n=4,k=256): [1;32mOK[0m
  MUL_MAT_ID(type_a=f16,type_b=f32,n_mats=4,n_used=2,b=0,m=512,n=5,k=256): [1;32mOK[0m
  MUL_MAT_ID(type_a=f16,type_b=f32,n_mats=4,n_used=2,b=0,m=512,n=17,k=256): [1;32mOK[0m
  MUL_MAT_ID(type_a=f16,type_b=f32,n_mats=4,n_used=2,b=0,m=512,n=32,k=256): [1;32mOK[0m
  MUL_MAT_ID(type_a=f16,type_b=f32,n_mats=4,n_used=2,b=0,m=512,n=129,k=256): [1;32mOK[0m
  MUL_MAT_ID(type_a=f16,type_b=f32,n_mats=4,n_used=2,b=1,m=512,n=1,k=256): [1;32mOK[0m
  MUL_MAT_ID(type_a=f16,type_b=f32,n_mats=4,n_used=2,b=1,m=512,n=4,k=256): [1;32mOK[0m
  MUL_MAT_ID(type_a=f16,type_b=f32,n_mats=4,n_used=2,b=1,m=512,n=5,k=256): [1;32mOK[0m
  MUL_MAT_ID(type_a=f16,type_b=f32,n_mats=4,n_used=2,b=1,m=512,n=17,k=256): [1;32mOK[0m
  MUL_MAT_ID(type_a=f16,type_b=f32,n_mats=4,n_used=2,b=1,m=512,n=32,k=256): [1;32mOK[0m
  MUL_MAT_ID(type_a=f16,type_b=f32,n_mats=4,n_used=2,b=1,m=512,n=129,k=256): [1;32mOK[0m
  MUL_MAT_ID(type_a=f16,type_b=f32,n_mats=4,n_used=4,b=0,m=512,n=1,k=256): [1;32mOK[0m
  MUL_MAT_ID(type_a=f16,type_b=f32,n_mats=4,n_used=4,b=0,m=512,n=4,k=256): [1;32mOK[0m
  MUL_MAT_ID(type_a=f16,type_b=f32,n_mats=4,n_used=4,b=0,m=512,n=5,k=256): [1;32mOK[0m
  MUL_MAT_ID(type_a=f16,type_b=f32,n_mats=4,n_used=4,b=0,m=512,n=17,k=256): [1;32mOK[0m
  MUL_MAT_ID(type_a=f16,type_b=f32,n_mats=4,n_used=4,b=0,m=512,n=32,k=256): [1;32mOK[0m
  MUL_MAT_ID(type_a=f16,type_b=f32,n_mats=4,n_used=4,b=0,m=512,n=129,k=256): [1;32mOK[0m
  MUL_MAT_ID(type_a=f16,type_b=f32,n_mats=4,n_used=4,b=1,m=512,n=1,k=256): [1;32mOK[0m
  MUL_MAT_ID(type_a=f16,type_b=f32,n_mats=4,n_used=4,b=1,m=512,n=4,k=256): [1;32mOK[0m
  MUL_MAT_ID(type_a=f16,type_b=f32,n_mats=4,n_used=4,b=1,m=512,n=5,k=256): [1;32mOK[0m
  MUL_MAT_ID(type_a=f16,type_b=f32,n_mats=4,n_used=4,b=1,m=512,n=17,k=256): [1;32mOK[0m
  MUL_MAT_ID(type_a=f16,type_b=f32,n_mats=4,n_used=4,b=1,m=512,n=32,k=256): [1;32mOK[0m
  MUL_MAT_ID(type_a=f16,type_b=f32,n_mats=4,n_used=4,b=1,m=512,n=129,k=256): [1;32mOK[0m
  MUL_MAT_ID(type_a=f16,type_b=f32,n_mats=8,n_used=1,b=0,m=512,n=1,k=256): [1;32mOK[0m
  MUL_MAT_ID(type_a=f16,type_b=f32,n_mats=8,n_used=1,b=0,m=512,n=4,k=256): [1;32mOK[0m
  MUL_MAT_ID(type_a=f16,type_b=f32,n_mats=8,n_used=1,b=0,m=512,n=5,k=256): [1;32mOK[0m
  MUL_MAT_ID(type_a=f16,type_b=f32,n_mats=8,n_used=1,b=0,m=512,n=17,k=256): [1;32mOK[0m
  MUL_MAT_ID(type_a=f16,type_b=f32,n_mats=8,n_used=1,b=0,m=512,n=32,k=256): [1;32mOK[0m
  MUL_MAT_ID(type_a=f16,type_b=f32,n_mats=8,n_used=1,b=0,m=512,n=129,k=256): [1;32mOK[0m
  MUL_MAT_ID(type_a=f16,type_b=f32,n_mats=8,n_used=1,b=1,m=512,n=1,k=256): [1;32mOK[0m
  MUL_MAT_ID(type_a=f16,type_b=f32,n_mats=8,n_used=1,b=1,m=512,n=4,k=256): [1;32mOK[0m
  MUL_MAT_ID(type_a=f16,type_b=f32,n_mats=8,n_used=1,b=1,m=512,n=5,k=256): [1;32mOK[0m
  MUL_MAT_ID(type_a=f16,type_b=f32,n_mats=8,n_used=1,b=1,m=512,n=17,k=256): [1;32mOK[0m
  MUL_MAT_ID(type_a=f16,type_b=f32,n_mats=8,n_used=1,b=1,m=512,n=32,k=256): [1;32mOK[0m
  MUL_MAT_ID(type_a=f16,type_b=f32,n_mats=8,n_used=1,b=1,m=512,n=129,k=256): [1;32mOK[0m
  MUL_MAT_ID(type_a=f16,type_b=f32,n_mats=8,n_used=2,b=0,m=512,n=1,k=256): [1;32mOK[0m
  MUL_MAT_ID(type_a=f16,type_b=f32,n_mats=8,n_used=2,b=0,m=512,n=4,k=256): [1;32mOK[0m
  MUL_MAT_ID(type_a=f16,type_b=f32,n_mats=8,n_used=2,b=0,m=512,n=5,k=256): [1;32mOK[0m
  MUL_MAT_ID(type_a=f16,type_b=f32,n_mats=8,n_used=2,b=0,m=512,n=17,k=256): [1;32mOK[0m
  MUL_MAT_ID(type_a=f16,type_b=f32,n_mats=8,n_used=2,b=0,m=512,n=32,k=256): [1;32mOK[0m
  MUL_MAT_ID(type_a=f16,type_b=f32,n_mats=8,n_used=2,b=0,m=512,n=129,k=256): [1;32mOK[0m
  MUL_MAT_ID(type_a=f16,type_b=f32,n_mats=8,n_used=2,b=1,m=512,n=1,k=256): [1;32mOK[0m
  MUL_MAT_ID(type_a=f16,type_b=f32,n_mats=8,n_used=2,b=1,m=512,n=4,k=256): [1;32mOK[0m
  MUL_MAT_ID(type_a=f16,type_b=f32,n_mats=8,n_used=2,b=1,m=512,n=5,k=256): [1;32mOK[0m
  MUL_MAT_ID(type_a=f16,type_b=f32,n_mats=8,n_used=2,b=1,m=512,n=17,k=256): [1;32mOK[0m
  MUL_MAT_ID(type_a=f16,type_b=f32,n_mats=8,n_used=2,b=1,m=512,n=32,k=256): [1;32mOK[0m
  MUL_MAT_ID(type_a=f16,type_b=f32,n_mats=8,n_used=2,b=1,m=512,n=129,k=256): [1;32mOK[0m
  MUL_MAT_ID(type_a=f16,type_b=f32,n_mats=8,n_used=4,b=0,m=512,n=1,k=256): [1;32mOK[0m
  MUL_MAT_ID(type_a=f16,type_b=f32,n_mats=8,n_used=4,b=0,m=512,n=4,k=256): [1;32mOK[0m
  MUL_MAT_ID(type_a=f16,type_b=f32,n_mats=8,n_used=4,b=0,m=512,n=5,k=256): [1;32mOK[0m
  MUL_MAT_ID(type_a=f16,type_b=f32,n_mats=8,n_used=4,b=0,m=512,n=17,k=256): [1;32mOK[0m
  MUL_MAT_ID(type_a=f16,type_b=f32,n_mats=8,n_used=4,b=0,m=512,n=32,k=256): [1;32mOK[0m
  MUL_MAT_ID(type_a=f16,type_b=f32,n_mats=8,n_used=4,b=0,m=512,n=129,k=256): [1;32mOK[0m
  MUL_MAT_ID(type_a=f16,type_b=f32,n_mats=8,n_used=4,b=1,m=512,n=1,k=256): [1;32mOK[0m
  MUL_MAT_ID(type_a=f16,type_b=f32,n_mats=8,n_used=4,b=1,m=512,n=4,k=256): [1;32mOK[0m
  MUL_MAT_ID(type_a=f16,type_b=f32,n_mats=8,n_used=4,b=1,m=512,n=5,k=256): [1;32mOK[0m
  MUL_MAT_ID(type_a=f16,type_b=f32,n_mats=8,n_used=4,b=1,m=512,n=17,k=256): [1;32mOK[0m
  MUL_MAT_ID(type_a=f16,type_b=f32,n_mats=8,n_used=4,b=1,m=512,n=32,k=256): [1;32mOK[0m
  MUL_MAT_ID(type_a=f16,type_b=f32,n_mats=8,n_used=4,b=1,m=512,n=129,k=256): [1;32mOK[0m
  MUL_MAT_ID(type_a=q8_0,type_b=f32,n_mats=4,n_used=1,b=0,m=512,n=1,k=256): [1;32mOK[0m
  MUL_MAT_ID(type_a=q8_0,type_b=f32,n_mats=4,n_used=1,b=0,m=512,n=4,k=256): [1;32mOK[0m
  MUL_MAT_ID(type_a=q8_0,type_b=f32,n_mats=4,n_used=1,b=0,m=512,n=5,k=256): [1;32mOK[0m
  MUL_MAT_ID(type_a=q8_0,type_b=f32,n_mats=4,n_used=1,b=0,m=512,n=17,k=256): [1;32mOK[0m
  MUL_MAT_ID(type_a=q8_0,type_b=f32,n_mats=4,n_used=1,b=0,m=512,n=32,k=256): [1;32mOK[0m
  MUL_MAT_ID(type_a=q8_0,type_b=f32,n_mats=4,n_used=1,b=0,m=512,n=129,k=256): [1;32mOK[0m
  MUL_MAT_ID(type_a=q8_0,type_b=f32,n_mats=4,n_used=1,b=1,m=512,n=1,k=256): [1;32mOK[0m
  MUL_MAT_ID(type_a=q8_0,type_b=f32,n_mats=4,n_used=1,b=1,m=512,n=4,k=256): [1;32mOK[0m
  MUL_MAT_ID(type_a=q8_0,type_b=f32,n_mats=4,n_used=1,b=1,m=512,n=5,k=256): [1;32mOK[0m
  MUL_MAT_ID(type_a=q8_0,type_b=f32,n_mats=4,n_used=1,b=1,m=512,n=17,k=256): [1;32mOK[0m
  MUL_MAT_ID(type_a=q8_0,type_b=f32,n_mats=4,n_used=1,b=1,m=512,n=32,k=256): [1;32mOK[0m
  MUL_MAT_ID(type_a=q8_0,type_b=f32,n_mats=4,n_used=1,b=1,m=512,n=129,k=256): [1;32mOK[0m
  MUL_MAT_ID(type_a=q8_0,type_b=f32,n_mats=4,n_used=2,b=0,m=512,n=1,k=256): [1;32mOK[0m
  MUL_MAT_ID(type_a=q8_0,type_b=f32,n_mats=4,n_used=2,b=0,m=512,n=4,k=256): [1;32mOK[0m
  MUL_MAT_ID(type_a=q8_0,type_b=f32,n_mats=4,n_used=2,b=0,m=512,n=5,k=256): [1;32mOK[0m
  MUL_MAT_ID(type_a=q8_0,type_b=f32,n_mats=4,n_used=2,b=0,m=512,n=17,k=256): [1;32mOK[0m
  MUL_MAT_ID(type_a=q8_0,type_b=f32,n_mats=4,n_used=2,b=0,m=512,n=32,k=256): [1;32mOK[0m
  MUL_MAT_ID(type_a=q8_0,type_b=f32,n_mats=4,n_used=2,b=0,m=512,n=129,k=256): [1;32mOK[0m
  MUL_MAT_ID(type_a=q8_0,type_b=f32,n_mats=4,n_used=2,b=1,m=512,n=1,k=256): [1;32mOK[0m
  MUL_MAT_ID(type_a=q8_0,type_b=f32,n_mats=4,n_used=2,b=1,m=512,n=4,k=256): [1;32mOK[0m
  MUL_MAT_ID(type_a=q8_0,type_b=f32,n_mats=4,n_used=2,b=1,m=512,n=5,k=256): [1;32mOK[0m
  MUL_MAT_ID(type_a=q8_0,type_b=f32,n_mats=4,n_used=2,b=1,m=512,n=17,k=256): [1;32mOK[0m
  MUL_MAT_ID(type_a=q8_0,type_b=f32,n_mats=4,n_used=2,b=1,m=512,n=32,k=256): [1;32mOK[0m
  MUL_MAT_ID(type_a=q8_0,type_b=f32,n_mats=4,n_used=2,b=1,m=512,n=129,k=256): [1;32mOK[0m
  MUL_MAT_ID(type_a=q8_0,type_b=f32,n_mats=4,n_used=4,b=0,m=512,n=1,k=256): [1;32mOK[0m
  MUL_MAT_ID(type_a=q8_0,type_b=f32,n_mats=4,n_used=4,b=0,m=512,n=4,k=256): [1;32mOK[0m
  MUL_MAT_ID(type_a=q8_0,type_b=f32,n_mats=4,n_used=4,b=0,m=512,n=5,k=256): [1;32mOK[0m
  MUL_MAT_ID(type_a=q8_0,type_b=f32,n_mats=4,n_used=4,b=0,m=512,n=17,k=256): [1;32mOK[0m
  MUL_MAT_ID(type_a=q8_0,type_b=f32,n_mats=4,n_used=4,b=0,m=512,n=32,k=256): [1;32mOK[0m
  MUL_MAT_ID(type_a=q8_0,type_b=f32,n_mats=4,n_used=4,b=0,m=512,n=129,k=256): [1;32mOK[0m
  MUL_MAT_ID(type_a=q8_0,type_b=f32,n_mats=4,n_used=4,b=1,m=512,n=1,k=256): [1;32mOK[0m
  MUL_MAT_ID(type_a=q8_0,type_b=f32,n_mats=4,n_used=4,b=1,m=512,n=4,k=256): [1;32mOK[0m
  MUL_MAT_ID(type_a=q8_0,type_b=f32,n_mats=4,n_used=4,b=1,m=512,n=5,k=256): [1;32mOK[0m
  MUL_MAT_ID(type_a=q8_0,type_b=f32,n_mats=4,n_used=4,b=1,m=512,n=17,k=256): [1;32mOK[0m
  MUL_MAT_ID(type_a=q8_0,type_b=f32,n_mats=4,n_used=4,b=1,m=512,n=32,k=256): [1;32mOK[0m
  MUL_MAT_ID(type_a=q8_0,type_b=f32,n_mats=4,n_used=4,b=1,m=512,n=129,k=256): [1;32mOK[0m
  MUL_MAT_ID(type_a=q8_0,type_b=f32,n_mats=8,n_used=1,b=0,m=512,n=1,k=256): [1;32mOK[0m
  MUL_MAT_ID(type_a=q8_0,type_b=f32,n_mats=8,n_used=1,b=0,m=512,n=4,k=256): [1;32mOK[0m
  MUL_MAT_ID(type_a=q8_0,type_b=f32,n_mats=8,n_used=1,b=0,m=512,n=5,k=256): [1;32mOK[0m
  MUL_MAT_ID(type_a=q8_0,type_b=f32,n_mats=8,n_used=1,b=0,m=512,n=17,k=256): [1;32mOK[0m
  MUL_MAT_ID(type_a=q8_0,type_b=f32,n_mats=8,n_used=1,b=0,m=512,n=32,k=256): [1;32mOK[0m
  MUL_MAT_ID(type_a=q8_0,type_b=f32,n_mats=8,n_used=1,b=0,m=512,n=129,k=256): [1;32mOK[0m
  MUL_MAT_ID(type_a=q8_0,type_b=f32,n_mats=8,n_used=1,b=1,m=512,n=1,k=256): [1;32mOK[0m
  MUL_MAT_ID(type_a=q8_0,type_b=f32,n_mats=8,n_used=1,b=1,m=512,n=4,k=256): [1;32mOK[0m
  MUL_MAT_ID(type_a=q8_0,type_b=f32,n_mats=8,n_used=1,b=1,m=512,n=5,k=256): [1;32mOK[0m
  MUL_MAT_ID(type_a=q8_0,type_b=f32,n_mats=8,n_used=1,b=1,m=512,n=17,k=256): [1;32mOK[0m
  MUL_MAT_ID(type_a=q8_0,type_b=f32,n_mats=8,n_used=1,b=1,m=512,n=32,k=256): [1;32mOK[0m
  MUL_MAT_ID(type_a=q8_0,type_b=f32,n_mats=8,n_used=1,b=1,m=512,n=129,k=256): [1;32mOK[0m
  MUL_MAT_ID(type_a=q8_0,type_b=f32,n_mats=8,n_used=2,b=0,m=512,n=1,k=256): [1;32mOK[0m
  MUL_MAT_ID(type_a=q8_0,type_b=f32,n_mats=8,n_used=2,b=0,m=512,n=4,k=256): [1;32mOK[0m
  MUL_MAT_ID(type_a=q8_0,type_b=f32,n_mats=8,n_used=2,b=0,m=512,n=5,k=256): [1;32mOK[0m
  MUL_MAT_ID(type_a=q8_0,type_b=f32,n_mats=8,n_used=2,b=0,m=512,n=17,k=256): [1;32mOK[0m
  MUL_MAT_ID(type_a=q8_0,type_b=f32,n_mats=8,n_used=2,b=0,m=512,n=32,k=256): [1;32mOK[0m
  MUL_MAT_ID(type_a=q8_0,type_b=f32,n_mats=8,n_used=2,b=0,m=512,n=129,k=256): [1;32mOK[0m
  MUL_MAT_ID(type_a=q8_0,type_b=f32,n_mats=8,n_used=2,b=1,m=512,n=1,k=256): [1;32mOK[0m
  MUL_MAT_ID(type_a=q8_0,type_b=f32,n_mats=8,n_used=2,b=1,m=512,n=4,k=256): [1;32mOK[0m
  MUL_MAT_ID(type_a=q8_0,type_b=f32,n_mats=8,n_used=2,b=1,m=512,n=5,k=256): [1;32mOK[0m
  MUL_MAT_ID(type_a=q8_0,type_b=f32,n_mats=8,n_used=2,b=1,m=512,n=17,k=256): [1;32mOK[0m
  MUL_MAT_ID(type_a=q8_0,type_b=f32,n_mats=8,n_used=2,b=1,m=512,n=32,k=256): [1;32mOK[0m
  MUL_MAT_ID(type_a=q8_0,type_b=f32,n_mats=8,n_used=2,b=1,m=512,n=129,k=256): [1;32mOK[0m
  MUL_MAT_ID(type_a=q8_0,type_b=f32,n_mats=8,n_used=4,b=0,m=512,n=1,k=256): [1;32mOK[0m
  MUL_MAT_ID(type_a=q8_0,type_b=f32,n_mats=8,n_used=4,b=0,m=512,n=4,k=256): [1;32mOK[0m
  MUL_MAT_ID(type_a=q8_0,type_b=f32,n_mats=8,n_used=4,b=0,m=512,n=5,k=256): [1;32mOK[0m
  MUL_MAT_ID(type_a=q8_0,type_b=f32,n_mats=8,n_used=4,b=0,m=512,n=17,k=256): [1;32mOK[0m
  MUL_MAT_ID(type_a=q8_0,type_b=f32,n_mats=8,n_used=4,b=0,m=512,n=32,k=256): [1;32mOK[0m
  MUL_MAT_ID(type_a=q8_0,type_b=f32,n_mats=8,n_used=4,b=0,m=512,n=129,k=256): [1;32mOK[0m
  MUL_MAT_ID(type_a=q8_0,type_b=f32,n_mats=8,n_used=4,b=1,m=512,n=1,k=256): [1;32mOK[0m
  MUL_MAT_ID(type_a=q8_0,type_b=f32,n_mats=8,n_used=4,b=1,m=512,n=4,k=256): [1;32mOK[0m
  MUL_MAT_ID(type_a=q8_0,type_b=f32,n_mats=8,n_used=4,b=1,m=512,n=5,k=256): [1;32mOK[0m
  MUL_MAT_ID(type_a=q8_0,type_b=f32,n_mats=8,n_used=4,b=1,m=512,n=17,k=256): [1;32mOK[0m
  MUL_MAT_ID(type_a=q8_0,type_b=f32,n_mats=8,n_used=4,b=1,m=512,n=32,k=256): [1;32mOK[0m
  MUL_MAT_ID(type_a=q8_0,type_b=f32,n_mats=8,n_used=4,b=1,m=512,n=129,k=256): [1;32mOK[0m
  MUL_MAT_ID(type_a=q1_0,type_b=f32,n_mats=4,n_used=1,b=0,m=512,n=1,k=256): not supported [SYCL0] 
  MUL_MAT_ID(type_a=q1_0,type_b=f32,n_mats=4,n_used=1,b=0,m=512,n=4,k=256): not supported [SYCL0] 
  MUL_MAT_ID(type_a=q1_0,type_b=f32,n_mats=4,n_used=1,b=0,m=512,n=5,k=256): not supported [SYCL0] 
  MUL_MAT_ID(type_a=q1_0,type_b=f32,n_mats=4,n_used=1,b=0,m=512,n=17,k=256): not supported [SYCL0] 
  MUL_MAT_ID(type_a=q1_0,type_b=f32,n_mats=4,n_used=1,b=0,m=512,n=32,k=256): not supported [SYCL0] 
  MUL_MAT_ID(type_a=q1_0,type_b=f32,n_mats=4,n_used=1,b=0,m=512,n=129,k=256): not supported [SYCL0] 
  MUL_MAT_ID(type_a=q1_0,type_b=f32,n_mats=4,n_used=1,b=1,m=512,n=1,k=256): not supported [SYCL0] 
  MUL_MAT_ID(type_a=q1_0,type_b=f32,n_mats=4,n_used=1,b=1,m=512,n=4,k=256): not supported [SYCL0] 
  MUL_MAT_ID(type_a=q1_0,type_b=f32,n_mats=4,n_used=1,b=1,m=512,n=5,k=256): not supported [SYCL0] 
  MUL_MAT_ID(type_a=q1_0,type_b=f32,n_mats=4,n_used=1,b=1,m=512,n=17,k=256): not supported [SYCL0] 
  MUL_MAT_ID(type_a=q1_0,type_b=f32,n_mats=4,n_used=1,b=1,m=512,n=32,k=256): not supported [SYCL0] 
  MUL_MAT_ID(type_a=q1_0,type_b=f32,n_mats=4,n_used=1,b=1,m=512,n=129,k=256): not supported [SYCL0] 
  MUL_MAT_ID(type_a=q1_0,type_b=f32,n_mats=4,n_used=2,b=0,m=512,n=1,k=256): not supported [SYCL0] 
  MUL_MAT_ID(type_a=q1_0,type_b=f32,n_mats=4,n_used=2,b=0,m=512,n=4,k=256): not supported [SYCL0] 
  MUL_MAT_ID(type_a=q1_0,type_b=f32,n_mats=4,n_used=2,b=0,m=512,n=5,k=256): not supported [SYCL0] 
  MUL_MAT_ID(type_a=q1_0,type_b=f32,n_mats=4,n_used=2,b=0,m=512,n=17,k=256): not supported [SYCL0] 
  MUL_MAT_ID(type_a=q1_0,type_b=f32,n_mats=4,n_used=2,b=0,m=512,n=32,k=256): not supported [SYCL0] 
  MUL_MAT_ID(type_a=q1_0,type_b=f32,n_mats=4,n_used=2,b=0,m=512,n=129,k=256): not supported [SYCL0] 
  MUL_MAT_ID(type_a=q1_0,type_b=f32,n_mats=4,n_used=2,b=1,m=512,n=1,k=256): not supported [SYCL0] 
  MUL_MAT_ID(type_a=q1_0,type_b=f32,n_mats=4,n_used=2,b=1,m=512,n=4,k=256): not supported [SYCL0] 
  MUL_MAT_ID(type_a=q1_0,type_b=f32,n_mats=4,n_used=2,b=1,m=512,n=5,k=256): not supported [SYCL0] 
  MUL_MAT_ID(type_a=q1_0,type_b=f32,n_mats=4,n_used=2,b=1,m=512,n=17,k=256): not supported [SYCL0] 
  MUL_MAT_ID(type_a=q1_0,type_b=f32,n_mats=4,n_used=2,b=1,m=512,n=32,k=256): not supported [SYCL0] 
  MUL_MAT_ID(type_a=q1_0,type_b=f32,n_mats=4,n_used=2,b=1,m=512,n=129,k=256): not supported [SYCL0] 
  MUL_MAT_ID(type_a=q1_0,type_b=f32,n_mats=4,n_used=4,b=0,m=512,n=1,k=256): not supported [SYCL0] 
  MUL_MAT_ID(type_a=q1_0,type_b=f32,n_mats=4,n_used=4,b=0,m=512,n=4,k=256): not supported [SYCL0] 
  MUL_MAT_ID(type_a=q1_0,type_b=f32,n_mats=4,n_used=4,b=0,m=512,n=5,k=256): not supported [SYCL0] 
  MUL_MAT_ID(type_a=q1_0,type_b=f32,n_mats=4,n_used=4,b=0,m=512,n=17,k=256): not supported [SYCL0] 
  MUL_MAT_ID(type_a=q1_0,type_b=f32,n_mats=4,n_used=4,b=0,m=512,n=32,k=256): not supported [SYCL0] 
  MUL_MAT_ID(type_a=q1_0,type_b=f32,n_mats=4,n_used=4,b=0,m=512,n=129,k=256): not supported [SYCL0] 
  MUL_MAT_ID(type_a=q1_0,type_b=f32,n_mats=4,n_used=4,b=1,m=512,n=1,k=256): not supported [SYCL0] 
  MUL_MAT_ID(type_a=q1_0,type_b=f32,n_mats=4,n_used=4,b=1,m=512,n=4,k=256): not supported [SYCL0] 
  MUL_MAT_ID(type_a=q1_0,type_b=f32,n_mats=4,n_used=4,b=1,m=512,n=5,k=256): not supported [SYCL0] 
  MUL_MAT_ID(type_a=q1_0,type_b=f32,n_mats=4,n_used=4,b=1,m=512,n=17,k=256): not supported [SYCL0] 
  MUL_MAT_ID(type_a=q1_0,type_b=f32,n_mats=4,n_used=4,b=1,m=512,n=32,k=256): not supported [SYCL0] 
  MUL_MAT_ID(type_a=q1_0,type_b=f32,n_mats=4,n_used=4,b=1,m=512,n=129,k=256): not supported [SYCL0] 
  MUL_MAT_ID(type_a=q1_0,type_b=f32,n_mats=8,n_used=1,b=0,m=512,n=1,k=256): not supported [SYCL0] 
  MUL_MAT_ID(type_a=q1_0,type_b=f32,n_mats=8,n_used=1,b=0,m=512,n=4,k=256): not supported [SYCL0] 
  MUL_MAT_ID(type_a=q1_0,type_b=f32,n_mats=8,n_used=1,b=0,m=512,n=5,k=256): not supported [SYCL0] 
  MUL_MAT_ID(type_a=q1_0,type_b=f32,n_mats=8,n_used=1,b=0,m=512,n=17,k=256): not supported [SYCL0] 
  MUL_MAT_ID(type_a=q1_0,type_b=f32,n_mats=8,n_used=1,b=0,m=512,n=32,k=256): not supported [SYCL0] 
  MUL_MAT_ID(type_a=q1_0,type_b=f32,n_mats=8,n_used=1,b=0,m=512,n=129,k=256): not supported [SYCL0] 
  MUL_MAT_ID(type_a=q1_0,type_b=f32,n_mats=8,n_used=1,b=1,m=512,n=1,k=256): not supported [SYCL0] 
  MUL_MAT_ID(type_a=q1_0,type_b=f32,n_mats=8,n_used=1,b=1,m=512,n=4,k=256): not supported [SYCL0] 
  MUL_MAT_ID(type_a=q1_0,type_b=f32,n_mats=8,n_used=1,b=1,m=512,n=5,k=256): not supported [SYCL0] 
  MUL_MAT_ID(type_a=q1_0,type_b=f32,n_mats=8,n_used=1,b=1,m=512,n=17,k=256): not supported [SYCL0] 
  MUL_MAT_ID(type_a=q1_0,type_b=f32,n_mats=8,n_used=1,b=1,m=512,n=32,k=256): not supported [SYCL0] 
  MUL_MAT_ID(type_a=q1_0,type_b=f32,n_mats=8,n_used=1,b=1,m=512,n=129,k=256): not supported [SYCL0] 
  MUL_MAT_ID(type_a=q1_0,type_b=f32,n_mats=8,n_used=2,b=0,m=512,n=1,k=256): not supported [SYCL0] 
  MUL_MAT_ID(type_a=q1_0,type_b=f32,n_mats=8,n_used=2,b=0,m=512,n=4,k=256): not supported [SYCL0] 
  MUL_MAT_ID(type_a=q1_0,type_b=f32,n_mats=8,n_used=2,b=0,m=512,n=5,k=256): not supported [SYCL0] 
  MUL_MAT_ID(type_a=q1_0,type_b=f32,n_mats=8,n_used=2,b=0,m=512,n=17,k=256): not supported [SYCL0] 
  MUL_MAT_ID(type_a=q1_0,type_b=f32,n_mats=8,n_used=2,b=0,m=512,n=32,k=256): not supported [SYCL0] 
  MUL_MAT_ID(type_a=q1_0,type_b=f32,n_mats=8,n_used=2,b=0,m=512,n=129,k=256): not supported [SYCL0] 
  MUL_MAT_ID(type_a=q1_0,type_b=f32,n_mats=8,n_used=2,b=1,m=512,n=1,k=256): not supported [SYCL0] 
  MUL_MAT_ID(type_a=q1_0,type_b=f32,n_mats=8,n_used=2,b=1,m=512,n=4,k=256): not supported [SYCL0] 
  MUL_MAT_ID(type_a=q1_0,type_b=f32,n_mats=8,n_used=2,b=1,m=512,n=5,k=256): not supported [SYCL0] 
  MUL_MAT_ID(type_a=q1_0,type_b=f32,n_mats=8,n_used=2,b=1,m=512,n=17,k=256): not supported [SYCL0] 
  MUL_MAT_ID(type_a=q1_0,type_b=f32,n_mats=8,n_used=2,b=1,m=512,n=32,k=256): not supported [SYCL0] 
  MUL_MAT_ID(type_a=q1_0,type_b=f32,n_mats=8,n_used=2,b=1,m=512,n=129,k=256): not supported [SYCL0] 
  MUL_MAT_ID(type_a=q1_0,type_b=f32,n_mats=8,n_used=4,b=0,m=512,n=1,k=256): not supported [SYCL0] 
  MUL_MAT_ID(type_a=q1_0,type_b=f32,n_mats=8,n_used=4,b=0,m=512,n=4,k=256): not supported [SYCL0] 
  MUL_MAT_ID(type_a=q1_0,type_b=f32,n_mats=8,n_used=4,b=0,m=512,n=5,k=256): not supported [SYCL0] 
  MUL_MAT_ID(type_a=q1_0,type_b=f32,n_mats=8,n_used=4,b=0,m=512,n=17,k=256): not supported [SYCL0] 
  MUL_MAT_ID(type_a=q1_0,type_b=f32,n_mats=8,n_used=4,b=0,m=512,n=32,k=256): not supported [SYCL0] 
  MUL_MAT_ID(type_a=q1_0,type_b=f32,n_mats=8,n_used=4,b=0,m=512,n=129,k=256): not supported [SYCL0] 
  MUL_MAT_ID(type_a=q1_0,type_b=f32,n_mats=8,n_used=4,b=1,m=512,n=1,k=256): not supported [SYCL0] 
  MUL_MAT_ID(type_a=q1_0,type_b=f32,n_mats=8,n_used=4,b=1,m=512,n=4,k=256): not supported [SYCL0] 
  MUL_MAT_ID(type_a=q1_0,type_b=f32,n_mats=8,n_used=4,b=1,m=512,n=5,k=256): not supported [SYCL0] 
  MUL_MAT_ID(type_a=q1_0,type_b=f32,n_mats=8,n_used=4,b=1,m=512,n=17,k=256): not supported [SYCL0] 
  MUL_MAT_ID(type_a=q1_0,type_b=f32,n_mats=8,n_used=4,b=1,m=512,n=32,k=256): not supported [SYCL0] 
  MUL_MAT_ID(type_a=q1_0,type_b=f32,n_mats=8,n_used=4,b=1,m=512,n=129,k=256): not supported [SYCL0] 
  MUL_MAT_ID(type_a=q4_0,type_b=f32,n_mats=4,n_used=1,b=0,m=512,n=1,k=256): [1;32mOK[0m
  MUL_MAT_ID(type_a=q4_0,type_b=f32,n_mats=4,n_used=1,b=0,m=512,n=4,k=256): [1;32mOK[0m
  MUL_MAT_ID(type_a=q4_0,type_b=f32,n_mats=4,n_used=1,b=0,m=512,n=5,k=256): [1;32mOK[0m
  MUL_MAT_ID(type_a=q4_0,type_b=f32,n_mats=4,n_used=1,b=0,m=512,n=17,k=256): [1;32mOK[0m
  MUL_MAT_ID(type_a=q4_0,type_b=f32,n_mats=4,n_used=1,b=0,m=512,n=32,k=256): [1;32mOK[0m
  MUL_MAT_ID(type_a=q4_0,type_b=f32,n_mats=4,n_used=1,b=0,m=512,n=129,k=256): [1;32mOK[0m
  MUL_MAT_ID(type_a=q4_0,type_b=f32,n_mats=4,n_used=1,b=1,m=512,n=1,k=256): [1;32mOK[0m
  MUL_MAT_ID(type_a=q4_0,type_b=f32,n_mats=4,n_used=1,b=1,m=512,n=4,k=256): [1;32mOK[0m
  MUL_MAT_ID(type_a=q4_0,type_b=f32,n_mats=4,n_used=1,b=1,m=512,n=5,k=256): [1;32mOK[0m
  MUL_MAT_ID(type_a=q4_0,type_b=f32,n_mats=4,n_used=1,b=1,m=512,n=17,k=256): [1;32mOK[0m
  MUL_MAT_ID(type_a=q4_0,type_b=f32,n_mats=4,n_used=1,b=1,m=512,n=32,k=256): [1;32mOK[0m
  MUL_MAT_ID(type_a=q4_0,type_b=f32,n_mats=4,n_used=1,b=1,m=512,n=129,k=256): [1;32mOK[0m
  MUL_MAT_ID(type_a=q4_0,type_b=f32,n_mats=4,n_used=2,b=0,m=512,n=1,k=256): [1;32mOK[0m
  MUL_MAT_ID(type_a=q4_0,type_b=f32,n_mats=4,n_used=2,b=0,m=512,n=4,k=256): [1;32mOK[0m
  MUL_MAT_ID(type_a=q4_0,type_b=f32,n_mats=4,n_used=2,b=0,m=512,n=5,k=256): [1;32mOK[0m
  MUL_MAT_ID(type_a=q4_0,type_b=f32,n_mats=4,n_used=2,b=0,m=512,n=17,k=256): [1;32mOK[0m
  MUL_MAT_ID(type_a=q4_0,type_b=f32,n_mats=4,n_used=2,b=0,m=512,n=32,k=256): [1;32mOK[0m
  MUL_MAT_ID(type_a=q4_0,type_b=f32,n_mats=4,n_used=2,b=0,m=512,n=129,k=256): [1;32mOK[0m
  MUL_MAT_ID(type_a=q4_0,type_b=f32,n_mats=4,n_used=2,b=1,m=512,n=1,k=256): [1;32mOK[0m
  MUL_MAT_ID(type_a=q4_0,type_b=f32,n_mats=4,n_used=2,b=1,m=512,n=4,k=256): [1;32mOK[0m
  MUL_MAT_ID(type_a=q4_0,type_b=f32,n_mats=4,n_used=2,b=1,m=512,n=5,k=256): [1;32mOK[0m
  MUL_MAT_ID(type_a=q4_0,type_b=f32,n_mats=4,n_used=2,b=1,m=512,n=17,k=256): [1;32mOK[0m
  MUL_MAT_ID(type_a=q4_0,type_b=f32,n_mats=4,n_used=2,b=1,m=512,n=32,k=256): [1;32mOK[0m
  MUL_MAT_ID(type_a=q4_0,type_b=f32,n_mats=4,n_used=2,b=1,m=512,n=129,k=256): [1;32mOK[0m
  MUL_MAT_ID(type_a=q4_0,type_b=f32,n_mats=4,n_used=4,b=0,m=512,n=1,k=256): [1;32mOK[0m
  MUL_MAT_ID(type_a=q4_0,type_b=f32,n_mats=4,n_used=4,b=0,m=512,n=4,k=256): [1;32mOK[0m
  MUL_MAT_ID(type_a=q4_0,type_b=f32,n_mats=4,n_used=4,b=0,m=512,n=5,k=256): [1;32mOK[0m
  MUL_MAT_ID(type_a=q4_0,type_b=f32,n_mats=4,n_used=4,b=0,m=512,n=17,k=256): [1;32mOK[0m
  MUL_MAT_ID(type_a=q4_0,type_b=f32,n_mats=4,n_used=4,b=0,m=512,n=32,k=256): [1;32mOK[0m
  MUL_MAT_ID(type_a=q4_0,type_b=f32,n_mats=4,n_used=4,b=0,m=512,n=129,k=256): [1;32mOK[0m
  MUL_MAT_ID(type_a=q4_0,type_b=f32,n_mats=4,n_used=4,b=1,m=512,n=1,k=256): [1;32mOK[0m
  MUL_MAT_ID(type_a=q4_0,type_b=f32,n_mats=4,n_used=4,b=1,m=512,n=4,k=256): [1;32mOK[0m
  MUL_MAT_ID(type_a=q4_0,type_b=f32,n_mats=4,n_used=4,b=1,m=512,n=5,k=256): [1;32mOK[0m
  MUL_MAT_ID(type_a=q4_0,type_b=f32,n_mats=4,n_used=4,b=1,m=512,n=17,k=256): [1;32mOK[0m
  MUL_MAT_ID(type_a=q4_0,type_b=f32,n_mats=4,n_used=4,b=1,m=512,n=32,k=256): [1;32mOK[0m
  MUL_MAT_ID(type_a=q4_0,type_b=f32,n_mats=4,n_used=4,b=1,m=512,n=129,k=256): [1;32mOK[0m
  MUL_MAT_ID(type_a=q4_0,type_b=f32,n_mats=8,n_used=1,b=0,m=512,n=1,k=256): [1;32mOK[0m
  MUL_MAT_ID(type_a=q4_0,type_b=f32,n_mats=8,n_used=1,b=0,m=512,n=4,k=256): [1;32mOK[0m
  MUL_MAT_ID(type_a=q4_0,type_b=f32,n_mats=8,n_used=1,b=0,m=512,n=5,k=256): [1;32mOK[0m
  MUL_MAT_ID(type_a=q4_0,type_b=f32,n_mats=8,n_used=1,b=0,m=512,n=17,k=256): [1;32mOK[0m
  MUL_MAT_ID(type_a=q4_0,type_b=f32,n_mats=8,n_used=1,b=0,m=512,n=32,k=256): [1;32mOK[0m
  MUL_MAT_ID(type_a=q4_0,type_b=f32,n_mats=8,n_used=1,b=0,m=512,n=129,k=256): [1;32mOK[0m
  MUL_MAT_ID(type_a=q4_0,type_b=f32,n_mats=8,n_used=1,b=1,m=512,n=1,k=256): [1;32mOK[0m
  MUL_MAT_ID(type_a=q4_0,type_b=f32,n_mats=8,n_used=1,b=1,m=512,n=4,k=256): [1;32mOK[0m
  MUL_MAT_ID(type_a=q4_0,type_b=f32,n_mats=8,n_used=1,b=1,m=512,n=5,k=256): [1;32mOK[0m
  MUL_MAT_ID(type_a=q4_0,type_b=f32,n_mats=8,n_used=1,b=1,m=512,n=17,k=256): [1;32mOK[0m
  MUL_MAT_ID(type_a=q4_0,type_b=f32,n_mats=8,n_used=1,b=1,m=512,n=32,k=256): [1;32mOK[0m
  MUL_MAT_ID(type_a=q4_0,type_b=f32,n_mats=8,n_used=1,b=1,m=512,n=129,k=256): [1;32mOK[0m
  MUL_MAT_ID(type_a=q4_0,type_b=f32,n_mats=8,n_used=2,b=0,m=512,n=1,k=256): [1;32mOK[0m
  MUL_MAT_ID(type_a=q4_0,type_b=f32,n_mats=8,n_used=2,b=0,m=512,n=4,k=256): [1;32mOK[0m
  MUL_MAT_ID(type_a=q4_0,type_b=f32,n_mats=8,n_used=2,b=0,m=512,n=5,k=256): [1;32mOK[0m
  MUL_MAT_ID(type_a=q4_0,type_b=f32,n_mats=8,n_used=2,b=0,m=512,n=17,k=256): [1;32mOK[0m
  MUL_MAT_ID(type_a=q4_0,type_b=f32,n_mats=8,n_used=2,b=0,m=512,n=32,k=256): [1;32mOK[0m
  MUL_MAT_ID(type_a=q4_0,type_b=f32,n_mats=8,n_used=2,b=0,m=512,n=129,k=256): [1;32mOK[0m
  MUL_MAT_ID(type_a=q4_0,type_b=f32,n_mats=8,n_used=2,b=1,m=512,n=1,k=256): [1;32mOK[0m
  MUL_MAT_ID(type_a=q4_0,type_b=f32,n_mats=8,n_used=2,b=1,m=512,n=4,k=256): [1;32mOK[0m
  MUL_MAT_ID(type_a=q4_0,type_b=f32,n_mats=8,n_used=2,b=1,m=512,n=5,k=256): [1;32mOK[0m
  MUL_MAT_ID(type_a=q4_0,type_b=f32,n_mats=8,n_used=2,b=1,m=512,n=17,k=256): [1;32mOK[0m
  MUL_MAT_ID(type_a=q4_0,type_b=f32,n_mats=8,n_used=2,b=1,m=512,n=32,k=256): [1;32mOK[0m
  MUL_MAT_ID(type_a=q4_0,type_b=f32,n_mats=8,n_used=2,b=1,m=512,n=129,k=256): [1;32mOK[0m
  MUL_MAT_ID(type_a=q4_0,type_b=f32,n_mats=8,n_used=4,b=0,m=512,n=1,k=256): [1;32mOK[0m
  MUL_MAT_ID(type_a=q4_0,type_b=f32,n_mats=8,n_used=4,b=0,m=512,n=4,k=256): [1;32mOK[0m
  MUL_MAT_ID(type_a=q4_0,type_b=f32,n_mats=8,n_used=4,b=0,m=512,n=5,k=256): [1;32mOK[0m
  MUL_MAT_ID(type_a=q4_0,type_b=f32,n_mats=8,n_used=4,b=0,m=512,n=17,k=256): [1;32mOK[0m
  MUL_MAT_ID(type_a=q4_0,type_b=f32,n_mats=8,n_used=4,b=0,m=512,n=32,k=256): [1;32mOK[0m
  MUL_MAT_ID(type_a=q4_0,type_b=f32,n_mats=8,n_used=4,b=0,m=512,n=129,k=256): [1;32mOK[0m
  MUL_MAT_ID(type_a=q4_0,type_b=f32,n_mats=8,n_used=4,b=1,m=512,n=1,k=256): [1;32mOK[0m
  MUL_MAT_ID(type_a=q4_0,type_b=f32,n_mats=8,n_used=4,b=1,m=512,n=4,k=256): [1;32mOK[0m
  MUL_MAT_ID(type_a=q4_0,type_b=f32,n_mats=8,n_used=4,b=1,m=512,n=5,k=256): [1;32mOK[0m
  MUL_MAT_ID(type_a=q4_0,type_b=f32,n_mats=8,n_used=4,b=1,m=512,n=17,k=256): [1;32mOK[0m
  MUL_MAT_ID(type_a=q4_0,type_b=f32,n_mats=8,n_used=4,b=1,m=512,n=32,k=256): [1;32mOK[0m
  MUL_MAT_ID(type_a=q4_0,type_b=f32,n_mats=8,n_used=4,b=1,m=512,n=129,k=256): [1;32mOK[0m
  MUL_MAT_ID(type_a=q4_1,type_b=f32,n_mats=4,n_used=1,b=0,m=512,n=1,k=256): [1;32mOK[0m
  MUL_MAT_ID(type_a=q4_1,type_b=f32,n_mats=4,n_used=1,b=0,m=512,n=4,k=256): [1;32mOK[0m
  MUL_MAT_ID(type_a=q4_1,type_b=f32,n_mats=4,n_used=1,b=0,m=512,n=5,k=256): [1;32mOK[0m
  MUL_MAT_ID(type_a=q4_1,type_b=f32,n_mats=4,n_used=1,b=0,m=512,n=17,k=256): [1;32mOK[0m
  MUL_MAT_ID(type_a=q4_1,type_b=f32,n_mats=4,n_used=1,b=0,m=512,n=32,k=256): [1;32mOK[0m
  MUL_MAT_ID(type_a=q4_1,type_b=f32,n_mats=4,n_used=1,b=0,m=512,n=129,k=256): [1;32mOK[0m
  MUL_MAT_ID(type_a=q4_1,type_b=f32,n_mats=4,n_used=1,b=1,m=512,n=1,k=256): [1;32mOK[0m
  MUL_MAT_ID(type_a=q4_1,type_b=f32,n_mats=4,n_used=1,b=1,m=512,n=4,k=256): [1;32mOK[0m
  MUL_MAT_ID(type_a=q4_1,type_b=f32,n_mats=4,n_used=1,b=1,m=512,n=5,k=256): [1;32mOK[0m
  MUL_MAT_ID(type_a=q4_1,type_b=f32,n_mats=4,n_used=1,b=1,m=512,n=17,k=256): [1;32mOK[0m
  MUL_MAT_ID(type_a=q4_1,type_b=f32,n_mats=4,n_used=1,b=1,m=512,n=32,k=256): [1;32mOK[0m
  MUL_MAT_ID(type_a=q4_1,type_b=f32,n_mats=4,n_used=1,b=1,m=512,n=129,k=256): [1;32mOK[0m
  MUL_MAT_ID(type_a=q4_1,type_b=f32,n_mats=4,n_used=2,b=0,m=512,n=1,k=256): [1;32mOK[0m
  MUL_MAT_ID(type_a=q4_1,type_b=f32,n_mats=4,n_used=2,b=0,m=512,n=4,k=256): [1;32mOK[0m
  MUL_MAT_ID(type_a=q4_1,type_b=f32,n_mats=4,n_used=2,b=0,m=512,n=5,k=256): [1;32mOK[0m
  MUL_MAT_ID(type_a=q4_1,type_b=f32,n_mats=4,n_used=2,b=0,m=512,n=17,k=256): [1;32mOK[0m
  MUL_MAT_ID(type_a=q4_1,type_b=f32,n_mats=4,n_used=2,b=0,m=512,n=32,k=256): [1;32mOK[0m
  MUL_MAT_ID(type_a=q4_1,type_b=f32,n_mats=4,n_used=2,b=0,m=512,n=129,k=256): [1;32mOK[0m
  MUL_MAT_ID(type_a=q4_1,type_b=f32,n_mats=4,n_used=2,b=1,m=512,n=1,k=256): [1;32mOK[0m
  MUL_MAT_ID(type_a=q4_1,type_b=f32,n_mats=4,n_used=2,b=1,m=512,n=4,k=256): [1;32mOK[0m
  MUL_MAT_ID(type_a=q4_1,type_b=f32,n_mats=4,n_used=2,b=1,m=512,n=5,k=256): [1;32mOK[0m
  MUL_MAT_ID(type_a=q4_1,type_b=f32,n_mats=4,n_used=2,b=1,m=512,n=17,k=256): [1;32mOK[0m
  MUL_MAT_ID(type_a=q4_1,type_b=f32,n_mats=4,n_used=2,b=1,m=512,n=32,k=256): [1;32mOK[0m
  MUL_MAT_ID(type_a=q4_1,type_b=f32,n_mats=4,n_used=2,b=1,m=512,n=129,k=256): [1;32mOK[0m
  MUL_MAT_ID(type_a=q4_1,type_b=f32,n_mats=4,n_used=4,b=0,m=512,n=1,k=256): [1;32mOK[0m
  MUL_MAT_ID(type_a=q4_1,type_b=f32,n_mats=4,n_used=4,b=0,m=512,n=4,k=256): [1;32mOK[0m
  MUL_MAT_ID(type_a=q4_1,type_b=f32,n_mats=4,n_used=4,b=0,m=512,n=5,k=256): [1;32mOK[0m
  MUL_MAT_ID(type_a=q4_1,type_b=f32,n_mats=4,n_used=4,b=0,m=512,n=17,k=256): [1;32mOK[0m
  MUL_MAT_ID(type_a=q4_1,type_b=f32,n_mats=4,n_used=4,b=0,m=512,n=32,k=256): [1;32mOK[0m
  MUL_MAT_ID(type_a=q4_1,type_b=f32,n_mats=4,n_used=4,b=0,m=512,n=129,k=256): [1;32mOK[0m
  MUL_MAT_ID(type_a=q4_1,type_b=f32,n_mats=4,n_used=4,b=1,m=512,n=1,k=256): [1;32mOK[0m
  MUL_MAT_ID(type_a=q4_1,type_b=f32,n_mats=4,n_used=4,b=1,m=512,n=4,k=256): [1;32mOK[0m
  MUL_MAT_ID(type_a=q4_1,type_b=f32,n_mats=4,n_used=4,b=1,m=512,n=5,k=256): [1;32mOK[0m
  MUL_MAT_ID(type_a=q4_1,type_b=f32,n_mats=4,n_used=4,b=1,m=512,n=17,k=256): [1;32mOK[0m
  MUL_MAT_ID(type_a=q4_1,type_b=f32,n_mats=4,n_used=4,b=1,m=512,n=32,k=256): [1;32mOK[0m
  MUL_MAT_ID(type_a=q4_1,type_b=f32,n_mats=4,n_used=4,b=1,m=512,n=129,k=256): [1;32mOK[0m
  MUL_MAT_ID(type_a=q4_1,type_b=f32,n_mats=8,n_used=1,b=0,m=512,n=1,k=256): [1;32mOK[0m
  MUL_MAT_ID(type_a=q4_1,type_b=f32,n_mats=8,n_used=1,b=0,m=512,n=4,k=256): [1;32mOK[0m
  MUL_MAT_ID(type_a=q4_1,type_b=f32,n_mats=8,n_used=1,b=0,m=512,n=5,k=256): [1;32mOK[0m
  MUL_MAT_ID(type_a=q4_1,type_b=f32,n_mats=8,n_used=1,b=0,m=512,n=17,k=256): [1;32mOK[0m
  MUL_MAT_ID(type_a=q4_1,type_b=f32,n_mats=8,n_used=1,b=0,m=512,n=32,k=256): [1;32mOK[0m
  MUL_MAT_ID(type_a=q4_1,type_b=f32,n_mats=8,n_used=1,b=0,m=512,n=129,k=256): [1;32mOK[0m
  MUL_MAT_ID(type_a=q4_1,type_b=f32,n_mats=8,n_used=1,b=1,m=512,n=1,k=256): [1;32mOK[0m
  MUL_MAT_ID(type_a=q4_1,type_b=f32,n_mats=8,n_used=1,b=1,m=512,n=4,k=256): [1;32mOK[0m
  MUL_MAT_ID(type_a=q4_1,type_b=f32,n_mats=8,n_used=1,b=1,m=512,n=5,k=256): [1;32mOK[0m
  MUL_MAT_ID(type_a=q4_1,type_b=f32,n_mats=8,n_used=1,b=1,m=512,n=17,k=256): [1;32mOK[0m
  MUL_MAT_ID(type_a=q4_1,type_b=f32,n_mats=8,n_used=1,b=1,m=512,n=32,k=256): [1;32mOK[0m
  MUL_MAT_ID(type_a=q4_1,type_b=f32,n_mats=8,n_used=1,b=1,m=512,n=129,k=256): [1;32mOK[0m
  MUL_MAT_ID(type_a=q4_1,type_b=f32,n_mats=8,n_used=2,b=0,m=512,n=1,k=256): [1;32mOK[0m
  MUL_MAT_ID(type_a=q4_1,type_b=f32,n_mats=8,n_used=2,b=0,m=512,n=4,k=256): [1;32mOK[0m
  MUL_MAT_ID(type_a=q4_1,type_b=f32,n_mats=8,n_used=2,b=0,m=512,n=5,k=256): [1;32mOK[0m
  MUL_MAT_ID(type_a=q4_1,type_b=f32,n_mats=8,n_used=2,b=0,m=512,n=17,k=256): [1;32mOK[0m
  MUL_MAT_ID(type_a=q4_1,type_b=f32,n_mats=8,n_used=2,b=0,m=512,n=32,k=256): [1;32mOK[0m
  MUL_MAT_ID(type_a=q4_1,type_b=f32,n_mats=8,n_used=2,b=0,m=512,n=129,k=256): [1;32mOK[0m
  MUL_MAT_ID(type_a=q4_1,type_b=f32,n_mats=8,n_used=2,b=1,m=512,n=1,k=256): [1;32mOK[0m
  MUL_MAT_ID(type_a=q4_1,type_b=f32,n_mats=8,n_used=2,b=1,m=512,n=4,k=256): [1;32mOK[0m
  MUL_MAT_ID(type_a=q4_1,type_b=f32,n_mats=8,n_used=2,b=1,m=512,n=5,k=256): [1;32mOK[0m
  MUL_MAT_ID(type_a=q4_1,type_b=f32,n_mats=8,n_used=2,b=1,m=512,n=17,k=256): [1;32mOK[0m
  MUL_MAT_ID(type_a=q4_1,type_b=f32,n_mats=8,n_used=2,b=1,m=512,n=32,k=256): [1;32mOK[0m
  MUL_MAT_ID(type_a=q4_1,type_b=f32,n_mats=8,n_used=2,b=1,m=512,n=129,k=256): [1;32mOK[0m
  MUL_MAT_ID(type_a=q4_1,type_b=f32,n_mats=8,n_used=4,b=0,m=512,n=1,k=256): [1;32mOK[0m
  MUL_MAT_ID(type_a=q4_1,type_b=f32,n_mats=8,n_used=4,b=0,m=512,n=4,k=256): [1;32mOK[0m
  MUL_MAT_ID(type_a=q4_1,type_b=f32,n_mats=8,n_used=4,b=0,m=512,n=5,k=256): [1;32mOK[0m
  MUL_MAT_ID(type_a=q4_1,type_b=f32,n_mats=8,n_used=4,b=0,m=512,n=17,k=256): [1;32mOK[0m
  MUL_MAT_ID(type_a=q4_1,type_b=f32,n_mats=8,n_used=4,b=0,m=512,n=32,k=256): [1;32mOK[0m
  MUL_MAT_ID(type_a=q4_1,type_b=f32,n_mats=8,n_used=4,b=0,m=512,n=129,k=256): [1;32mOK[0m
  MUL_MAT_ID(type_a=q4_1,type_b=f32,n_mats=8,n_used=4,b=1,m=512,n=1,k=256): [1;32mOK[0m
  MUL_MAT_ID(type_a=q4_1,type_b=f32,n_mats=8,n_used=4,b=1,m=512,n=4,k=256): [1;32mOK[0m
  MUL_MAT_ID(type_a=q4_1,type_b=f32,n_mats=8,n_used=4,b=1,m=512,n=5,k=256): [1;32mOK[0m
  MUL_MAT_ID(type_a=q4_1,type_b=f32,n_mats=8,n_used=4,b=1,m=512,n=17,k=256): [1;32mOK[0m
  MUL_MAT_ID(type_a=q4_1,type_b=f32,n_mats=8,n_used=4,b=1,m=512,n=32,k=256): [1;32mOK[0m
  MUL_MAT_ID(type_a=q4_1,type_b=f32,n_mats=8,n_used=4,b=1,m=512,n=129,k=256): [1;32mOK[0m
  MUL_MAT_ID(type_a=q4_K,type_b=f32,n_mats=4,n_used=1,b=0,m=512,n=1,k=256): [1;32mOK[0m
  MUL_MAT_ID(type_a=q4_K,type_b=f32,n_mats=4,n_used=1,b=0,m=512,n=4,k=256): [1;32mOK[0m
  MUL_MAT_ID(type_a=q4_K,type_b=f32,n_mats=4,n_used=1,b=0,m=512,n=5,k=256): [1;32mOK[0m
  MUL_MAT_ID(type_a=q4_K,type_b=f32,n_mats=4,n_used=1,b=0,m=512,n=17,k=256): [1;32mOK[0m
  MUL_MAT_ID(type_a=q4_K,type_b=f32,n_mats=4,n_used=1,b=0,m=512,n=32,k=256): [1;32mOK[0m
  MUL_MAT_ID(type_a=q4_K,type_b=f32,n_mats=4,n_used=1,b=0,m=512,n=129,k=256): [1;32mOK[0m
  MUL_MAT_ID(type_a=q4_K,type_b=f32,n_mats=4,n_used=1,b=1,m=512,n=1,k=256): [1;32mOK[0m
  MUL_MAT_ID(type_a=q4_K,type_b=f32,n_mats=4,n_used=1,b=1,m=512,n=4,k=256): [1;32mOK[0m
  MUL_MAT_ID(type_a=q4_K,type_b=f32,n_mats=4,n_used=1,b=1,m=512,n=5,k=256): [1;32mOK[0m
  MUL_MAT_ID(type_a=q4_K,type_b=f32,n_mats=4,n_used=1,b=1,m=512,n=17,k=256): [1;32mOK[0m
  MUL_MAT_ID(type_a=q4_K,type_b=f32,n_mats=4,n_used=1,b=1,m=512,n=32,k=256): [1;32mOK[0m
  MUL_MAT_ID(type_a=q4_K,type_b=f32,n_mats=4,n_used=1,b=1,m=512,n=129,k=256): [1;32mOK[0m
  MUL_MAT_ID(type_a=q4_K,type_b=f32,n_mats=4,n_used=2,b=0,m=512,n=1,k=256): [1;32mOK[0m
  MUL_MAT_ID(type_a=q4_K,type_b=f32,n_mats=4,n_used=2,b=0,m=512,n=4,k=256): [1;32mOK[0m
  MUL_MAT_ID(type_a=q4_K,type_b=f32,n_mats=4,n_used=2,b=0,m=512,n=5,k=256): [1;32mOK[0m
  MUL_MAT_ID(type_a=q4_K,type_b=f32,n_mats=4,n_used=2,b=0,m=512,n=17,k=256): [1;32mOK[0m
  MUL_MAT_ID(type_a=q4_K,type_b=f32,n_mats=4,n_used=2,b=0,m=512,n=32,k=256): [1;32mOK[0m
  MUL_MAT_ID(type_a=q4_K,type_b=f32,n_mats=4,n_used=2,b=0,m=512,n=129,k=256): [1;32mOK[0m
  MUL_MAT_ID(type_a=q4_K,type_b=f32,n_mats=4,n_used=2,b=1,m=512,n=1,k=256): [1;32mOK[0m
  MUL_MAT_ID(type_a=q4_K,type_b=f32,n_mats=4,n_used=2,b=1,m=512,n=4,k=256): [1;32mOK[0m
  MUL_MAT_ID(type_a=q4_K,type_b=f32,n_mats=4,n_used=2,b=1,m=512,n=5,k=256): [1;32mOK[0m
  MUL_MAT_ID(type_a=q4_K,type_b=f32,n_mats=4,n_used=2,b=1,m=512,n=17,k=256): [1;32mOK[0m
  MUL_MAT_ID(type_a=q4_K,type_b=f32,n_mats=4,n_used=2,b=1,m=512,n=32,k=256): [1;32mOK[0m
  MUL_MAT_ID(type_a=q4_K,type_b=f32,n_mats=4,n_used=2,b=1,m=512,n=129,k=256): [1;32mOK[0m
  MUL_MAT_ID(type_a=q4_K,type_b=f32,n_mats=4,n_used=4,b=0,m=512,n=1,k=256): [1;32mOK[0m
  MUL_MAT_ID(type_a=q4_K,type_b=f32,n_mats=4,n_used=4,b=0,m=512,n=4,k=256): [1;32mOK[0m
  MUL_MAT_ID(type_a=q4_K,type_b=f32,n_mats=4,n_used=4,b=0,m=512,n=5,k=256): [1;32mOK[0m
  MUL_MAT_ID(type_a=q4_K,type_b=f32,n_mats=4,n_used=4,b=0,m=512,n=17,k=256): [1;32mOK[0m
  MUL_MAT_ID(type_a=q4_K,type_b=f32,n_mats=4,n_used=4,b=0,m=512,n=32,k=256): [1;32mOK[0m
  MUL_MAT_ID(type_a=q4_K,type_b=f32,n_mats=4,n_used=4,b=0,m=512,n=129,k=256): [1;32mOK[0m
  MUL_MAT_ID(type_a=q4_K,type_b=f32,n_mats=4,n_used=4,b=1,m=512,n=1,k=256): [1;32mOK[0m
  MUL_MAT_ID(type_a=q4_K,type_b=f32,n_mats=4,n_used=4,b=1,m=512,n=4,k=256): [1;32mOK[0m
  MUL_MAT_ID(type_a=q4_K,type_b=f32,n_mats=4,n_used=4,b=1,m=512,n=5,k=256): [1;32mOK[0m
  MUL_MAT_ID(type_a=q4_K,type_b=f32,n_mats=4,n_used=4,b=1,m=512,n=17,k=256): [1;32mOK[0m
  MUL_MAT_ID(type_a=q4_K,type_b=f32,n_mats=4,n_used=4,b=1,m=512,n=32,k=256): [1;32mOK[0m
  MUL_MAT_ID(type_a=q4_K,type_b=f32,n_mats=4,n_used=4,b=1,m=512,n=129,k=256): [1;32mOK[0m
  MUL_MAT_ID(type_a=q4_K,type_b=f32,n_mats=8,n_used=1,b=0,m=512,n=1,k=256): [1;32mOK[0m
  MUL_MAT_ID(type_a=q4_K,type_b=f32,n_mats=8,n_used=1,b=0,m=512,n=4,k=256): [1;32mOK[0m
  MUL_MAT_ID(type_a=q4_K,type_b=f32,n_mats=8,n_used=1,b=0,m=512,n=5,k=256): [1;32mOK[0m
  MUL_MAT_ID(type_a=q4_K,type_b=f32,n_mats=8,n_used=1,b=0,m=512,n=17,k=256): [1;32mOK[0m
  MUL_MAT_ID(type_a=q4_K,type_b=f32,n_mats=8,n_used=1,b=0,m=512,n=32,k=256): [1;32mOK[0m
  MUL_MAT_ID(type_a=q4_K,type_b=f32,n_mats=8,n_used=1,b=0,m=512,n=129,k=256): [1;32mOK[0m
  MUL_MAT_ID(type_a=q4_K,type_b=f32,n_mats=8,n_used=1,b=1,m=512,n=1,k=256): [1;32mOK[0m
  MUL_MAT_ID(type_a=q4_K,type_b=f32,n_mats=8,n_used=1,b=1,m=512,n=4,k=256): [1;32mOK[0m
  MUL_MAT_ID(type_a=q4_K,type_b=f32,n_mats=8,n_used=1,b=1,m=512,n=5,k=256): [1;32mOK[0m
  MUL_MAT_ID(type_a=q4_K,type_b=f32,n_mats=8,n_used=1,b=1,m=512,n=17,k=256): [1;32mOK[0m
  MUL_MAT_ID(type_a=q4_K,type_b=f32,n_mats=8,n_used=1,b=1,m=512,n=32,k=256): [1;32mOK[0m
  MUL_MAT_ID(type_a=q4_K,type_b=f32,n_mats=8,n_used=1,b=1,m=512,n=129,k=256): [1;32mOK[0m
  MUL_MAT_ID(type_a=q4_K,type_b=f32,n_mats=8,n_used=2,b=0,m=512,n=1,k=256): [1;32mOK[0m
  MUL_MAT_ID(type_a=q4_K,type_b=f32,n_mats=8,n_used=2,b=0,m=512,n=4,k=256): [1;32mOK[0m
  MUL_MAT_ID(type_a=q4_K,type_b=f32,n_mats=8,n_used=2,b=0,m=512,n=5,k=256): [1;32mOK[0m
  MUL_MAT_ID(type_a=q4_K,type_b=f32,n_mats=8,n_used=2,b=0,m=512,n=17,k=256): [1;32mOK[0m
  MUL_MAT_ID(type_a=q4_K,type_b=f32,n_mats=8,n_used=2,b=0,m=512,n=32,k=256): [1;32mOK[0m
  MUL_MAT_ID(type_a=q4_K,type_b=f32,n_mats=8,n_used=2,b=0,m=512,n=129,k=256): [1;32mOK[0m
  MUL_MAT_ID(type_a=q4_K,type_b=f32,n_mats=8,n_used=2,b=1,m=512,n=1,k=256): [1;32mOK[0m
  MUL_MAT_ID(type_a=q4_K,type_b=f32,n_mats=8,n_used=2,b=1,m=512,n=4,k=256): [1;32mOK[0m
  MUL_MAT_ID(type_a=q4_K,type_b=f32,n_mats=8,n_used=2,b=1,m=512,n=5,k=256): [1;32mOK[0m
  MUL_MAT_ID(type_a=q4_K,type_b=f32,n_mats=8,n_used=2,b=1,m=512,n=17,k=256): [1;32mOK[0m
  MUL_MAT_ID(type_a=q4_K,type_b=f32,n_mats=8,n_used=2,b=1,m=512,n=32,k=256): [1;32mOK[0m
  MUL_MAT_ID(type_a=q4_K,type_b=f32,n_mats=8,n_used=2,b=1,m=512,n=129,k=256): [1;32mOK[0m
  MUL_MAT_ID(type_a=q4_K,type_b=f32,n_mats=8,n_used=4,b=0,m=512,n=1,k=256): [1;32mOK[0m
  MUL_MAT_ID(type_a=q4_K,type_b=f32,n_mats=8,n_used=4,b=0,m=512,n=4,k=256): [1;32mOK[0m
  MUL_MAT_ID(type_a=q4_K,type_b=f32,n_mats=8,n_used=4,b=0,m=512,n=5,k=256): [1;32mOK[0m
  MUL_MAT_ID(type_a=q4_K,type_b=f32,n_mats=8,n_used=4,b=0,m=512,n=17,k=256): [1;32mOK[0m
  MUL_MAT_ID(type_a=q4_K,type_b=f32,n_mats=8,n_used=4,b=0,m=512,n=32,k=256): [1;32mOK[0m
  MUL_MAT_ID(type_a=q4_K,type_b=f32,n_mats=8,n_used=4,b=0,m=512,n=129,k=256): [1;32mOK[0m
  MUL_MAT_ID(type_a=q4_K,type_b=f32,n_mats=8,n_used=4,b=1,m=512,n=1,k=256): [1;32mOK[0m
  MUL_MAT_ID(type_a=q4_K,type_b=f32,n_mats=8,n_used=4,b=1,m=512,n=4,k=256): [1;32mOK[0m
  MUL_MAT_ID(type_a=q4_K,type_b=f32,n_mats=8,n_used=4,b=1,m=512,n=5,k=256): [1;32mOK[0m
  MUL_MAT_ID(type_a=q4_K,type_b=f32,n_mats=8,n_used=4,b=1,m=512,n=17,k=256): [1;32mOK[0m
  MUL_MAT_ID(type_a=q4_K,type_b=f32,n_mats=8,n_used=4,b=1,m=512,n=32,k=256): [1;32mOK[0m
  MUL_MAT_ID(type_a=q4_K,type_b=f32,n_mats=8,n_used=4,b=1,m=512,n=129,k=256): [1;32mOK[0m
  MUL_MAT_ID(type_a=mxfp4,type_b=f32,n_mats=4,n_used=1,b=0,m=512,n=1,k=256): [1;32mOK[0m
  MUL_MAT_ID(type_a=mxfp4,type_b=f32,n_mats=4,n_used=1,b=0,m=512,n=4,k=256): [1;32mOK[0m
  MUL_MAT_ID(type_a=mxfp4,type_b=f32,n_mats=4,n_used=1,b=0,m=512,n=5,k=256): [1;32mOK[0m
  MUL_MAT_ID(type_a=mxfp4,type_b=f32,n_mats=4,n_used=1,b=0,m=512,n=17,k=256): [1;32mOK[0m
  MUL_MAT_ID(type_a=mxfp4,type_b=f32,n_mats=4,n_used=1,b=0,m=512,n=32,k=256): [1;32mOK[0m
  MUL_MAT_ID(type_a=mxfp4,type_b=f32,n_mats=4,n_used=1,b=0,m=512,n=129,k=256): [1;32mOK[0m
  MUL_MAT_ID(type_a=mxfp4,type_b=f32,n_mats=4,n_used=1,b=1,m=512,n=1,k=256): [1;32mOK[0m
  MUL_MAT_ID(type_a=mxfp4,type_b=f32,n_mats=4,n_used=1,b=1,m=512,n=4,k=256): [1;32mOK[0m
  MUL_MAT_ID(type_a=mxfp4,type_b=f32,n_mats=4,n_used=1,b=1,m=512,n=5,k=256): [1;32mOK[0m
  MUL_MAT_ID(type_a=mxfp4,type_b=f32,n_mats=4,n_used=1,b=1,m=512,n=17,k=256): [1;32mOK[0m
  MUL_MAT_ID(type_a=mxfp4,type_b=f32,n_mats=4,n_used=1,b=1,m=512,n=32,k=256): [1;32mOK[0m
  MUL_MAT_ID(type_a=mxfp4,type_b=f32,n_mats=4,n_used=1,b=1,m=512,n=129,k=256): [1;32mOK[0m
  MUL_MAT_ID(type_a=mxfp4,type_b=f32,n_mats=4,n_used=2,b=0,m=512,n=1,k=256): [1;32mOK[0m
  MUL_MAT_ID(type_a=mxfp4,type_b=f32,n_mats=4,n_used=2,b=0,m=512,n=4,k=256): [1;32mOK[0m
  MUL_MAT_ID(type_a=mxfp4,type_b=f32,n_mats=4,n_used=2,b=0,m=512,n=5,k=256): [1;32mOK[0m
  MUL_MAT_ID(type_a=mxfp4,type_b=f32,n_mats=4,n_used=2,b=0,m=512,n=17,k=256): [1;32mOK[0m
  MUL_MAT_ID(type_a=mxfp4,type_b=f32,n_mats=4,n_used=2,b=0,m=512,n=32,k=256): [1;32mOK[0m
  MUL_MAT_ID(type_a=mxfp4,type_b=f32,n_mats=4,n_used=2,b=0,m=512,n=129,k=256): [1;32mOK[0m
  MUL_MAT_ID(type_a=mxfp4,type_b=f32,n_mats=4,n_used=2,b=1,m=512,n=1,k=256): [1;32mOK[0m
  MUL_MAT_ID(type_a=mxfp4,type_b=f32,n_mats=4,n_used=2,b=1,m=512,n=4,k=256): [1;32mOK[0m
  MUL_MAT_ID(type_a=mxfp4,type_b=f32,n_mats=4,n_used=2,b=1,m=512,n=5,k=256): [1;32mOK[0m
  MUL_MAT_ID(type_a=mxfp4,type_b=f32,n_mats=4,n_used=2,b=1,m=512,n=17,k=256): [1;32mOK[0m
  MUL_MAT_ID(type_a=mxfp4,type_b=f32,n_mats=4,n_used=2,b=1,m=512,n=32,k=256): [1;32mOK[0m
  MUL_MAT_ID(type_a=mxfp4,type_b=f32,n_mats=4,n_used=2,b=1,m=512,n=129,k=256): [1;32mOK[0m
  MUL_MAT_ID(type_a=mxfp4,type_b=f32,n_mats=4,n_used=4,b=0,m=512,n=1,k=256): [1;32mOK[0m
  MUL_MAT_ID(type_a=mxfp4,type_b=f32,n_mats=4,n_used=4,b=0,m=512,n=4,k=256): [1;32mOK[0m
  MUL_MAT_ID(type_a=mxfp4,type_b=f32,n_mats=4,n_used=4,b=0,m=512,n=5,k=256): [1;32mOK[0m
  MUL_MAT_ID(type_a=mxfp4,type_b=f32,n_mats=4,n_used=4,b=0,m=512,n=17,k=256): [1;32mOK[0m
  MUL_MAT_ID(type_a=mxfp4,type_b=f32,n_mats=4,n_used=4,b=0,m=512,n=32,k=256): [1;32mOK[0m
  MUL_MAT_ID(type_a=mxfp4,type_b=f32,n_mats=4,n_used=4,b=0,m=512,n=129,k=256): [1;32mOK[0m
  MUL_MAT_ID(type_a=mxfp4,type_b=f32,n_mats=4,n_used=4,b=1,m=512,n=1,k=256): [1;32mOK[0m
  MUL_MAT_ID(type_a=mxfp4,type_b=f32,n_mats=4,n_used=4,b=1,m=512,n=4,k=256): [1;32mOK[0m
  MUL_MAT_ID(type_a=mxfp4,type_b=f32,n_mats=4,n_used=4,b=1,m=512,n=5,k=256): [1;32mOK[0m
  MUL_MAT_ID(type_a=mxfp4,type_b=f32,n_mats=4,n_used=4,b=1,m=512,n=17,k=256): [1;32mOK[0m
  MUL_MAT_ID(type_a=mxfp4,type_b=f32,n_mats=4,n_used=4,b=1,m=512,n=32,k=256): [1;32mOK[0m
  MUL_MAT_ID(type_a=mxfp4,type_b=f32,n_mats=4,n_used=4,b=1,m=512,n=129,k=256): [1;32mOK[0m
  MUL_MAT_ID(type_a=mxfp4,type_b=f32,n_mats=8,n_used=1,b=0,m=512,n=1,k=256): [1;32mOK[0m
  MUL_MAT_ID(type_a=mxfp4,type_b=f32,n_mats=8,n_used=1,b=0,m=512,n=4,k=256): [1;32mOK[0m
  MUL_MAT_ID(type_a=mxfp4,type_b=f32,n_mats=8,n_used=1,b=0,m=512,n=5,k=256): [1;32mOK[0m
  MUL_MAT_ID(type_a=mxfp4,type_b=f32,n_mats=8,n_used=1,b=0,m=512,n=17,k=256): [1;32mOK[0m
  MUL_MAT_ID(type_a=mxfp4,type_b=f32,n_mats=8,n_used=1,b=0,m=512,n=32,k=256): [1;32mOK[0m
  MUL_MAT_ID(type_a=mxfp4,type_b=f32,n_mats=8,n_used=1,b=0,m=512,n=129,k=256): [1;32mOK[0m
  MUL_MAT_ID(type_a=mxfp4,type_b=f32,n_mats=8,n_used=1,b=1,m=512,n=1,k=256): [1;32mOK[0m
  MUL_MAT_ID(type_a=mxfp4,type_b=f32,n_mats=8,n_used=1,b=1,m=512,n=4,k=256): [1;32mOK[0m
  MUL_MAT_ID(type_a=mxfp4,type_b=f32,n_mats=8,n_used=1,b=1,m=512,n=5,k=256): [1;32mOK[0m
  MUL_MAT_ID(type_a=mxfp4,type_b=f32,n_mats=8,n_used=1,b=1,m=512,n=17,k=256): [1;32mOK[0m
  MUL_MAT_ID(type_a=mxfp4,type_b=f32,n_mats=8,n_used=1,b=1,m=512,n=32,k=256): [1;32mOK[0m
  MUL_MAT_ID(type_a=mxfp4,type_b=f32,n_mats=8,n_used=1,b=1,m=512,n=129,k=256): [1;32mOK[0m
  MUL_MAT_ID(type_a=mxfp4,type_b=f32,n_mats=8,n_used=2,b=0,m=512,n=1,k=256): [1;32mOK[0m
  MUL_MAT_ID(type_a=mxfp4,type_b=f32,n_mats=8,n_used=2,b=0,m=512,n=4,k=256): [1;32mOK[0m
  MUL_MAT_ID(type_a=mxfp4,type_b=f32,n_mats=8,n_used=2,b=0,m=512,n=5,k=256): [1;32mOK[0m
  MUL_MAT_ID(type_a=mxfp4,type_b=f32,n_mats=8,n_used=2,b=0,m=512,n=17,k=256): [1;32mOK[0m
  MUL_MAT_ID(type_a=mxfp4,type_b=f32,n_mats=8,n_used=2,b=0,m=512,n=32,k=256): [1;32mOK[0m
  MUL_MAT_ID(type_a=mxfp4,type_b=f32,n_mats=8,n_used=2,b=0,m=512,n=129,k=256): [1;32mOK[0m
  MUL_MAT_ID(type_a=mxfp4,type_b=f32,n_mats=8,n_used=2,b=1,m=512,n=1,k=256): [1;32mOK[0m
  MUL_MAT_ID(type_a=mxfp4,type_b=f32,n_mats=8,n_used=2,b=1,m=512,n=4,k=256): [1;32mOK[0m
  MUL_MAT_ID(type_a=mxfp4,type_b=f32,n_mats=8,n_used=2,b=1,m=512,n=5,k=256): [1;32mOK[0m
  MUL_MAT_ID(type_a=mxfp4,type_b=f32,n_mats=8,n_used=2,b=1,m=512,n=17,k=256): [1;32mOK[0m
  MUL_MAT_ID(type_a=mxfp4,type_b=f32,n_mats=8,n_used=2,b=1,m=512,n=32,k=256): [1;32mOK[0m
  MUL_MAT_ID(type_a=mxfp4,type_b=f32,n_mats=8,n_used=2,b=1,m=512,n=129,k=256): [1;32mOK[0m
  MUL_MAT_ID(type_a=mxfp4,type_b=f32,n_mats=8,n_used=4,b=0,m=512,n=1,k=256): [1;32mOK[0m
  MUL_MAT_ID(type_a=mxfp4,type_b=f32,n_mats=8,n_used=4,b=0,m=512,n=4,k=256): [1;32mOK[0m
  MUL_MAT_ID(type_a=mxfp4,type_b=f32,n_mats=8,n_used=4,b=0,m=512,n=5,k=256): [1;32mOK[0m
  MUL_MAT_ID(type_a=mxfp4,type_b=f32,n_mats=8,n_used=4,b=0,m=512,n=17,k=256): [1;32mOK[0m
  MUL_MAT_ID(type_a=mxfp4,type_b=f32,n_mats=8,n_used=4,b=0,m=512,n=32,k=256): [1;32mOK[0m
  MUL_MAT_ID(type_a=mxfp4,type_b=f32,n_mats=8,n_used=4,b=0,m=512,n=129,k=256): [1;32mOK[0m
  MUL_MAT_ID(type_a=mxfp4,type_b=f32,n_mats=8,n_used=4,b=1,m=512,n=1,k=256): [1;32mOK[0m
  MUL_MAT_ID(type_a=mxfp4,type_b=f32,n_mats=8,n_used=4,b=1,m=512,n=4,k=256): [1;32mOK[0m
  MUL_MAT_ID(type_a=mxfp4,type_b=f32,n_mats=8,n_used=4,b=1,m=512,n=5,k=256): [1;32mOK[0m
  MUL_MAT_ID(type_a=mxfp4,type_b=f32,n_mats=8,n_used=4,b=1,m=512,n=17,k=256): [1;32mOK[0m
  MUL_MAT_ID(type_a=mxfp4,type_b=f32,n_mats=8,n_used=4,b=1,m=512,n=32,k=256): [1;32mOK[0m
  MUL_MAT_ID(type_a=mxfp4,type_b=f32,n_mats=8,n_used=4,b=1,m=512,n=129,k=256): [1;32mOK[0m
  MUL_MAT_ID(type_a=nvfp4,type_b=f32,n_mats=4,n_used=1,b=0,m=512,n=1,k=256): [1;32mOK[0m
  MUL_MAT_ID(type_a=nvfp4,type_b=f32,n_mats=4,n_used=1,b=0,m=512,n=4,k=256): [1;32mOK[0m
  MUL_MAT_ID(type_a=nvfp4,type_b=f32,n_mats=4,n_used=1,b=0,m=512,n=5,k=256): [1;32mOK[0m
  MUL_MAT_ID(type_a=nvfp4,type_b=f32,n_mats=4,n_used=1,b=0,m=512,n=17,k=256): [1;32mOK[0m
  MUL_MAT_ID(type_a=nvfp4,type_b=f32,n_mats=4,n_used=1,b=0,m=512,n=32,k=256): [1;32mOK[0m
  MUL_MAT_ID(type_a=nvfp4,type_b=f32,n_mats=4,n_used=1,b=0,m=512,n=129,k=256): [1;32mOK[0m
  MUL_MAT_ID(type_a=nvfp4,type_b=f32,n_mats=4,n_used=1,b=1,m=512,n=1,k=256): [1;32mOK[0m
  MUL_MAT_ID(type_a=nvfp4,type_b=f32,n_mats=4,n_used=1,b=1,m=512,n=4,k=256): [1;32mOK[0m
  MUL_MAT_ID(type_a=nvfp4,type_b=f32,n_mats=4,n_used=1,b=1,m=512,n=5,k=256): [1;32mOK[0m
  MUL_MAT_ID(type_a=nvfp4,type_b=f32,n_mats=4,n_used=1,b=1,m=512,n=17,k=256): [1;32mOK[0m
  MUL_MAT_ID(type_a=nvfp4,type_b=f32,n_mats=4,n_used=1,b=1,m=512,n=32,k=256): [1;32mOK[0m
  MUL_MAT_ID(type_a=nvfp4,type_b=f32,n_mats=4,n_used=1,b=1,m=512,n=129,k=256): [1;32mOK[0m
  MUL_MAT_ID(type_a=nvfp4,type_b=f32,n_mats=4,n_used=2,b=0,m=512,n=1,k=256): [1;32mOK[0m
  MUL_MAT_ID(type_a=nvfp4,type_b=f32,n_mats=4,n_used=2,b=0,m=512,n=4,k=256): [1;32mOK[0m
  MUL_MAT_ID(type_a=nvfp4,type_b=f32,n_mats=4,n_used=2,b=0,m=512,n=5,k=256): [1;32mOK[0m
  MUL_MAT_ID(type_a=nvfp4,type_b=f32,n_mats=4,n_used=2,b=0,m=512,n=17,k=256): [1;32mOK[0m
  MUL_MAT_ID(type_a=nvfp4,type_b=f32,n_mats=4,n_used=2,b=0,m=512,n=32,k=256): [1;32mOK[0m
  MUL_MAT_ID(type_a=nvfp4,type_b=f32,n_mats=4,n_used=2,b=0,m=512,n=129,k=256): [1;32mOK[0m
  MUL_MAT_ID(type_a=nvfp4,type_b=f32,n_mats=4,n_used=2,b=1,m=512,n=1,k=256): [1;32mOK[0m
  MUL_MAT_ID(type_a=nvfp4,type_b=f32,n_mats=4,n_used=2,b=1,m=512,n=4,k=256): [1;32mOK[0m
  MUL_MAT_ID(type_a=nvfp4,type_b=f32,n_mats=4,n_used=2,b=1,m=512,n=5,k=256): [1;32mOK[0m
  MUL_MAT_ID(type_a=nvfp4,type_b=f32,n_mats=4,n_used=2,b=1,m=512,n=17,k=256): [1;32mOK[0m
  MUL_MAT_ID(type_a=nvfp4,type_b=f32,n_mats=4,n_used=2,b=1,m=512,n=32,k=256): [1;32mOK[0m
  MUL_MAT_ID(type_a=nvfp4,type_b=f32,n_mats=4,n_used=2,b=1,m=512,n=129,k=256): [1;32mOK[0m
  MUL_MAT_ID(type_a=nvfp4,type_b=f32,n_mats=4,n_used=4,b=0,m=512,n=1,k=256): [1;32mOK[0m
  MUL_MAT_ID(type_a=nvfp4,type_b=f32,n_mats=4,n_used=4,b=0,m=512,n=4,k=256): [1;32mOK[0m
  MUL_MAT_ID(type_a=nvfp4,type_b=f32,n_mats=4,n_used=4,b=0,m=512,n=5,k=256): [1;32mOK[0m
  MUL_MAT_ID(type_a=nvfp4,type_b=f32,n_mats=4,n_used=4,b=0,m=512,n=17,k=256): [1;32mOK[0m
  MUL_MAT_ID(type_a=nvfp4,type_b=f32,n_mats=4,n_used=4,b=0,m=512,n=32,k=256): [1;32mOK[0m
  MUL_MAT_ID(type_a=nvfp4,type_b=f32,n_mats=4,n_used=4,b=0,m=512,n=129,k=256): [1;32mOK[0m
  MUL_MAT_ID(type_a=nvfp4,type_b=f32,n_mats=4,n_used=4,b=1,m=512,n=1,k=256): [1;32mOK[0m
  MUL_MAT_ID(type_a=nvfp4,type_b=f32,n_mats=4,n_used=4,b=1,m=512,n=4,k=256): [1;32mOK[0m
  MUL_MAT_ID(type_a=nvfp4,type_b=f32,n_mats=4,n_used=4,b=1,m=512,n=5,k=256): [1;32mOK[0m
  MUL_MAT_ID(type_a=nvfp4,type_b=f32,n_mats=4,n_used=4,b=1,m=512,n=17,k=256): [1;32mOK[0m
  MUL_MAT_ID(type_a=nvfp4,type_b=f32,n_mats=4,n_used=4,b=1,m=512,n=32,k=256): [1;32mOK[0m
  MUL_MAT_ID(type_a=nvfp4,type_b=f32,n_mats=4,n_used=4,b=1,m=512,n=129,k=256): [1;32mOK[0m
  MUL_MAT_ID(type_a=nvfp4,type_b=f32,n_mats=8,n_used=1,b=0,m=512,n=1,k=256): [1;32mOK[0m
  MUL_MAT_ID(type_a=nvfp4,type_b=f32,n_mats=8,n_used=1,b=0,m=512,n=4,k=256): [1;32mOK[0m
  MUL_MAT_ID(type_a=nvfp4,type_b=f32,n_mats=8,n_used=1,b=0,m=512,n=5,k=256): [1;32mOK[0m
  MUL_MAT_ID(type_a=nvfp4,type_b=f32,n_mats=8,n_used=1,b=0,m=512,n=17,k=256): [1;32mOK[0m
  MUL_MAT_ID(type_a=nvfp4,type_b=f32,n_mats=8,n_used=1,b=0,m=512,n=32,k=256): [1;32mOK[0m
  MUL_MAT_ID(type_a=nvfp4,type_b=f32,n_mats=8,n_used=1,b=0,m=512,n=129,k=256): [1;32mOK[0m
  MUL_MAT_ID(type_a=nvfp4,type_b=f32,n_mats=8,n_used=1,b=1,m=512,n=1,k=256): [1;32mOK[0m
  MUL_MAT_ID(type_a=nvfp4,type_b=f32,n_mats=8,n_used=1,b=1,m=512,n=4,k=256): [1;32mOK[0m
  MUL_MAT_ID(type_a=nvfp4,type_b=f32,n_mats=8,n_used=1,b=1,m=512,n=5,k=256): [1;32mOK[0m
  MUL_MAT_ID(type_a=nvfp4,type_b=f32,n_mats=8,n_used=1,b=1,m=512,n=17,k=256): [1;32mOK[0m
  MUL_MAT_ID(type_a=nvfp4,type_b=f32,n_mats=8,n_used=1,b=1,m=512,n=32,k=256): [1;32mOK[0m
  MUL_MAT_ID(type_a=nvfp4,type_b=f32,n_mats=8,n_used=1,b=1,m=512,n=129,k=256): [1;32mOK[0m
  MUL_MAT_ID(type_a=nvfp4,type_b=f32,n_mats=8,n_used=2,b=0,m=512,n=1,k=256): [1;32mOK[0m
  MUL_MAT_ID(type_a=nvfp4,type_b=f32,n_mats=8,n_used=2,b=0,m=512,n=4,k=256): [1;32mOK[0m
  MUL_MAT_ID(type_a=nvfp4,type_b=f32,n_mats=8,n_used=2,b=0,m=512,n=5,k=256): [1;32mOK[0m
  MUL_MAT_ID(type_a=nvfp4,type_b=f32,n_mats=8,n_used=2,b=0,m=512,n=17,k=256): [1;32mOK[0m
  MUL_MAT_ID(type_a=nvfp4,type_b=f32,n_mats=8,n_used=2,b=0,m=512,n=32,k=256): [1;32mOK[0m
  MUL_MAT_ID(type_a=nvfp4,type_b=f32,n_mats=8,n_used=2,b=0,m=512,n=129,k=256): [1;32mOK[0m
  MUL_MAT_ID(type_a=nvfp4,type_b=f32,n_mats=8,n_used=2,b=1,m=512,n=1,k=256): [1;32mOK[0m
  MUL_MAT_ID(type_a=nvfp4,type_b=f32,n_mats=8,n_used=2,b=1,m=512,n=4,k=256): [1;32mOK[0m
  MUL_MAT_ID(type_a=nvfp4,type_b=f32,n_mats=8,n_used=2,b=1,m=512,n=5,k=256): [1;32mOK[0m
  MUL_MAT_ID(type_a=nvfp4,type_b=f32,n_mats=8,n_used=2,b=1,m=512,n=17,k=256): [1;32mOK[0m
  MUL_MAT_ID(type_a=nvfp4,type_b=f32,n_mats=8,n_used=2,b=1,m=512,n=32,k=256): [1;32mOK[0m
  MUL_MAT_ID(type_a=nvfp4,type_b=f32,n_mats=8,n_used=2,b=1,m=512,n=129,k=256): [1;32mOK[0m
  MUL_MAT_ID(type_a=nvfp4,type_b=f32,n_mats=8,n_used=4,b=0,m=512,n=1,k=256): [1;32mOK[0m
  MUL_MAT_ID(type_a=nvfp4,type_b=f32,n_mats=8,n_used=4,b=0,m=512,n=4,k=256): [1;32mOK[0m
  MUL_MAT_ID(type_a=nvfp4,type_b=f32,n_mats=8,n_used=4,b=0,m=512,n=5,k=256): [1;32mOK[0m
  MUL_MAT_ID(type_a=nvfp4,type_b=f32,n_mats=8,n_used=4,b=0,m=512,n=17,k=256): [1;32mOK[0m
  MUL_MAT_ID(type_a=nvfp4,type_b=f32,n_mats=8,n_used=4,b=0,m=512,n=32,k=256): [1;32mOK[0m
  MUL_MAT_ID(type_a=nvfp4,type_b=f32,n_mats=8,n_used=4,b=0,m=512,n=129,k=256): [1;32mOK[0m
  MUL_MAT_ID(type_a=nvfp4,type_b=f32,n_mats=8,n_used=4,b=1,m=512,n=1,k=256): [1;32mOK[0m
  MUL_MAT_ID(type_a=nvfp4,type_b=f32,n_mats=8,n_used=4,b=1,m=512,n=4,k=256): [1;32mOK[0m
  MUL_MAT_ID(type_a=nvfp4,type_b=f32,n_mats=8,n_used=4,b=1,m=512,n=5,k=256): [1;32mOK[0m
  MUL_MAT_ID(type_a=nvfp4,type_b=f32,n_mats=8,n_used=4,b=1,m=512,n=17,k=256): [1;32mOK[0m
  MUL_MAT_ID(type_a=nvfp4,type_b=f32,n_mats=8,n_used=4,b=1,m=512,n=32,k=256): [1;32mOK[0m
  MUL_MAT_ID(type_a=nvfp4,type_b=f32,n_mats=8,n_used=4,b=1,m=512,n=129,k=256): [1;32mOK[0m
  MUL_MAT_ID(type_a=iq2_xxs,type_b=f32,n_mats=4,n_used=1,b=0,m=512,n=1,k=256): [1;32mOK[0m
  MUL_MAT_ID(type_a=iq2_xxs,type_b=f32,n_mats=4,n_used=1,b=0,m=512,n=4,k=256): [1;32mOK[0m
  MUL_MAT_ID(type_a=iq2_xxs,type_b=f32,n_mats=4,n_used=1,b=0,m=512,n=5,k=256): [1;32mOK[0m
  MUL_MAT_ID(type_a=iq2_xxs,type_b=f32,n_mats=4,n_used=1,b=0,m=512,n=17,k=256): [1;32mOK[0m
  MUL_MAT_ID(type_a=iq2_xxs,type_b=f32,n_mats=4,n_used=1,b=0,m=512,n=32,k=256): [1;32mOK[0m
  MUL_MAT_ID(type_a=iq2_xxs,type_b=f32,n_mats=4,n_used=1,b=0,m=512,n=129,k=256): [1;32mOK[0m
  MUL_MAT_ID(type_a=iq2_xxs,type_b=f32,n_mats=4,n_used=1,b=1,m=512,n=1,k=256): [1;32mOK[0m
  MUL_MAT_ID(type_a=iq2_xxs,type_b=f32,n_mats=4,n_used=1,b=1,m=512,n=4,k=256): [1;32mOK[0m
  MUL_MAT_ID(type_a=iq2_xxs,type_b=f32,n_mats=4,n_used=1,b=1,m=512,n=5,k=256): [1;32mOK[0m
  MUL_MAT_ID(type_a=iq2_xxs,type_b=f32,n_mats=4,n_used=1,b=1,m=512,n=17,k=256): [1;32mOK[0m
  MUL_MAT_ID(type_a=iq2_xxs,type_b=f32,n_mats=4,n_used=1,b=1,m=512,n=32,k=256): [1;32mOK[0m
  MUL_MAT_ID(type_a=iq2_xxs,type_b=f32,n_mats=4,n_used=1,b=1,m=512,n=129,k=256): [1;32mOK[0m
  MUL_MAT_ID(type_a=iq2_xxs,type_b=f32,n_mats=4,n_used=2,b=0,m=512,n=1,k=256): [1;32mOK[0m
  MUL_MAT_ID(type_a=iq2_xxs,type_b=f32,n_mats=4,n_used=2,b=0,m=512,n=4,k=256): [1;32mOK[0m
  MUL_MAT_ID(type_a=iq2_xxs,type_b=f32,n_mats=4,n_used=2,b=0,m=512,n=5,k=256): [1;32mOK[0m
  MUL_MAT_ID(type_a=iq2_xxs,type_b=f32,n_mats=4,n_used=2,b=0,m=512,n=17,k=256): [1;32mOK[0m
  MUL_MAT_ID(type_a=iq2_xxs,type_b=f32,n_mats=4,n_used=2,b=0,m=512,n=32,k=256): [1;32mOK[0m
  MUL_MAT_ID(type_a=iq2_xxs,type_b=f32,n_mats=4,n_used=2,b=0,m=512,n=129,k=256): [1;32mOK[0m
  MUL_MAT_ID(type_a=iq2_xxs,type_b=f32,n_mats=4,n_used=2,b=1,m=512,n=1,k=256): [1;32mOK[0m
  MUL_MAT_ID(type_a=iq2_xxs,type_b=f32,n_mats=4,n_used=2,b=1,m=512,n=4,k=256): [1;32mOK[0m
  MUL_MAT_ID(type_a=iq2_xxs,type_b=f32,n_mats=4,n_used=2,b=1,m=512,n=5,k=256): [1;32mOK[0m
  MUL_MAT_ID(type_a=iq2_xxs,type_b=f32,n_mats=4,n_used=2,b=1,m=512,n=17,k=256): [1;32mOK[0m
  MUL_MAT_ID(type_a=iq2_xxs,type_b=f32,n_mats=4,n_used=2,b=1,m=512,n=32,k=256): [1;32mOK[0m
  MUL_MAT_ID(type_a=iq2_xxs,type_b=f32,n_mats=4,n_used=2,b=1,m=512,n=129,k=256): [1;32mOK[0m
  MUL_MAT_ID(type_a=iq2_xxs,type_b=f32,n_mats=4,n_used=4,b=0,m=512,n=1,k=256): [1;32mOK[0m
  MUL_MAT_ID(type_a=iq2_xxs,type_b=f32,n_mats=4,n_used=4,b=0,m=512,n=4,k=256): [1;32mOK[0m
  MUL_MAT_ID(type_a=iq2_xxs,type_b=f32,n_mats=4,n_used=4,b=0,m=512,n=5,k=256): [1;32mOK[0m
  MUL_MAT_ID(type_a=iq2_xxs,type_b=f32,n_mats=4,n_used=4,b=0,m=512,n=17,k=256): [1;32mOK[0m
  MUL_MAT_ID(type_a=iq2_xxs,type_b=f32,n_mats=4,n_used=4,b=0,m=512,n=32,k=256): [1;32mOK[0m
  MUL_MAT_ID(type_a=iq2_xxs,type_b=f32,n_mats=4,n_used=4,b=0,m=512,n=129,k=256): [1;32mOK[0m
  MUL_MAT_ID(type_a=iq2_xxs,type_b=f32,n_mats=4,n_used=4,b=1,m=512,n=1,k=256): [1;32mOK[0m
  MUL_MAT_ID(type_a=iq2_xxs,type_b=f32,n_mats=4,n_used=4,b=1,m=512,n=4,k=256): [1;32mOK[0m
  MUL_MAT_ID(type_a=iq2_xxs,type_b=f32,n_mats=4,n_used=4,b=1,m=512,n=5,k=256): [1;32mOK[0m
  MUL_MAT_ID(type_a=iq2_xxs,type_b=f32,n_mats=4,n_used=4,b=1,m=512,n=17,k=256): [1;32mOK[0m
  MUL_MAT_ID(type_a=iq2_xxs,type_b=f32,n_mats=4,n_used=4,b=1,m=512,n=32,k=256): [1;32mOK[0m
  MUL_MAT_ID(type_a=iq2_xxs,type_b=f32,n_mats=4,n_used=4,b=1,m=512,n=129,k=256): [1;32mOK[0m
  MUL_MAT_ID(type_a=iq2_xxs,type_b=f32,n_mats=8,n_used=1,b=0,m=512,n=1,k=256): [1;32mOK[0m
  MUL_MAT_ID(type_a=iq2_xxs,type_b=f32,n_mats=8,n_used=1,b=0,m=512,n=4,k=256): [1;32mOK[0m
  MUL_MAT_ID(type_a=iq2_xxs,type_b=f32,n_mats=8,n_used=1,b=0,m=512,n=5,k=256): [1;32mOK[0m
  MUL_MAT_ID(type_a=iq2_xxs,type_b=f32,n_mats=8,n_used=1,b=0,m=512,n=17,k=256): [1;32mOK[0m
  MUL_MAT_ID(type_a=iq2_xxs,type_b=f32,n_mats=8,n_used=1,b=0,m=512,n=32,k=256): [1;32mOK[0m
  MUL_MAT_ID(type_a=iq2_xxs,type_b=f32,n_mats=8,n_used=1,b=0,m=512,n=129,k=256): [1;32mOK[0m
  MUL_MAT_ID(type_a=iq2_xxs,type_b=f32,n_mats=8,n_used=1,b=1,m=512,n=1,k=256): [1;32mOK[0m
  MUL_MAT_ID(type_a=iq2_xxs,type_b=f32,n_mats=8,n_used=1,b=1,m=512,n=4,k=256): [1;32mOK[0m
  MUL_MAT_ID(type_a=iq2_xxs,type_b=f32,n_mats=8,n_used=1,b=1,m=512,n=5,k=256): [1;32mOK[0m
  MUL_MAT_ID(type_a=iq2_xxs,type_b=f32,n_mats=8,n_used=1,b=1,m=512,n=17,k=256): [1;32mOK[0m
  MUL_MAT_ID(type_a=iq2_xxs,type_b=f32,n_mats=8,n_used=1,b=1,m=512,n=32,k=256): [1;32mOK[0m
  MUL_MAT_ID(type_a=iq2_xxs,type_b=f32,n_mats=8,n_used=1,b=1,m=512,n=129,k=256): [1;32mOK[0m
  MUL_MAT_ID(type_a=iq2_xxs,type_b=f32,n_mats=8,n_used=2,b=0,m=512,n=1,k=256): [1;32mOK[0m
  MUL_MAT_ID(type_a=iq2_xxs,type_b=f32,n_mats=8,n_used=2,b=0,m=512,n=4,k=256): [1;32mOK[0m
  MUL_MAT_ID(type_a=iq2_xxs,type_b=f32,n_mats=8,n_used=2,b=0,m=512,n=5,k=256): [1;32mOK[0m
  MUL_MAT_ID(type_a=iq2_xxs,type_b=f32,n_mats=8,n_used=2,b=0,m=512,n=17,k=256): [1;32mOK[0m
  MUL_MAT_ID(type_a=iq2_xxs,type_b=f32,n_mats=8,n_used=2,b=0,m=512,n=32,k=256): [1;32mOK[0m
  MUL_MAT_ID(type_a=iq2_xxs,type_b=f32,n_mats=8,n_used=2,b=0,m=512,n=129,k=256): [1;32mOK[0m
  MUL_MAT_ID(type_a=iq2_xxs,type_b=f32,n_mats=8,n_used=2,b=1,m=512,n=1,k=256): [1;32mOK[0m
  MUL_MAT_ID(type_a=iq2_xxs,type_b=f32,n_mats=8,n_used=2,b=1,m=512,n=4,k=256): [1;32mOK[0m
  MUL_MAT_ID(type_a=iq2_xxs,type_b=f32,n_mats=8,n_used=2,b=1,m=512,n=5,k=256): [1;32mOK[0m
  MUL_MAT_ID(type_a=iq2_xxs,type_b=f32,n_mats=8,n_used=2,b=1,m=512,n=17,k=256): [1;32mOK[0m
  MUL_MAT_ID(type_a=iq2_xxs,type_b=f32,n_mats=8,n_used=2,b=1,m=512,n=32,k=256): [1;32mOK[0m
  MUL_MAT_ID(type_a=iq2_xxs,type_b=f32,n_mats=8,n_used=2,b=1,m=512,n=129,k=256): [1;32mOK[0m
  MUL_MAT_ID(type_a=iq2_xxs,type_b=f32,n_mats=8,n_used=4,b=0,m=512,n=1,k=256): [1;32mOK[0m
  MUL_MAT_ID(type_a=iq2_xxs,type_b=f32,n_mats=8,n_used=4,b=0,m=512,n=4,k=256): [1;32mOK[0m
  MUL_MAT_ID(type_a=iq2_xxs,type_b=f32,n_mats=8,n_used=4,b=0,m=512,n=5,k=256): [1;32mOK[0m
  MUL_MAT_ID(type_a=iq2_xxs,type_b=f32,n_mats=8,n_used=4,b=0,m=512,n=17,k=256): [1;32mOK[0m
  MUL_MAT_ID(type_a=iq2_xxs,type_b=f32,n_mats=8,n_used=4,b=0,m=512,n=32,k=256): [1;32mOK[0m
  MUL_MAT_ID(type_a=iq2_xxs,type_b=f32,n_mats=8,n_used=4,b=0,m=512,n=129,k=256): [1;32mOK[0m
  MUL_MAT_ID(type_a=iq2_xxs,type_b=f32,n_mats=8,n_used=4,b=1,m=512,n=1,k=256): [1;32mOK[0m
  MUL_MAT_ID(type_a=iq2_xxs,type_b=f32,n_mats=8,n_used=4,b=1,m=512,n=4,k=256): [1;32mOK[0m
  MUL_MAT_ID(type_a=iq2_xxs,type_b=f32,n_mats=8,n_used=4,b=1,m=512,n=5,k=256): [1;32mOK[0m
  MUL_MAT_ID(type_a=iq2_xxs,type_b=f32,n_mats=8,n_used=4,b=1,m=512,n=17,k=256): [1;32mOK[0m
  MUL_MAT_ID(type_a=iq2_xxs,type_b=f32,n_mats=8,n_used=4,b=1,m=512,n=32,k=256): [1;32mOK[0m
  MUL_MAT_ID(type_a=iq2_xxs,type_b=f32,n_mats=8,n_used=4,b=1,m=512,n=129,k=256): [1;32mOK[0m
  MUL_MAT_ID(type_a=q4_1,type_b=f32,n_mats=4,n_used=2,b=0,m=512,n=1,k=256): [1;32mOK[0m
  MUL_MAT_ID(type_a=q4_1,type_b=f32,n_mats=4,n_used=2,b=0,m=512,n=32,k=256): [1;32mOK[0m
  MUL_MAT_ID(type_a=q5_0,type_b=f32,n_mats=4,n_used=2,b=0,m=512,n=1,k=256): [1;32mOK[0m
  MUL_MAT_ID(type_a=q5_0,type_b=f32,n_mats=4,n_used=2,b=0,m=512,n=32,k=256): [1;32mOK[0m
  MUL_MAT_ID(type_a=q5_1,type_b=f32,n_mats=4,n_used=2,b=0,m=512,n=1,k=256): [1;32mOK[0m
  MUL_MAT_ID(type_a=q5_1,type_b=f32,n_mats=4,n_used=2,b=0,m=512,n=32,k=256): [1;32mOK[0m
  MUL_MAT_ID(type_a=q8_0,type_b=f32,n_mats=4,n_used=2,b=0,m=512,n=1,k=256): [1;32mOK[0m
  MUL_MAT_ID(type_a=q8_0,type_b=f32,n_mats=4,n_used=2,b=0,m=512,n=32,k=256): [1;32mOK[0m
  MUL_MAT_ID(type_a=q1_0,type_b=f32,n_mats=4,n_used=2,b=0,m=512,n=1,k=256): not supported [SYCL0] 
  MUL_MAT_ID(type_a=q1_0,type_b=f32,n_mats=4,n_used=2,b=0,m=512,n=32,k=256): not supported [SYCL0] 
  MUL_MAT_ID(type_a=q2_K,type_b=f32,n_mats=4,n_used=2,b=0,m=512,n=1,k=256): [1;32mOK[0m
  MUL_MAT_ID(type_a=q2_K,type_b=f32,n_mats=4,n_used=2,b=0,m=512,n=32,k=256): [1;32mOK[0m
  MUL_MAT_ID(type_a=q3_K,type_b=f32,n_mats=4,n_used=2,b=0,m=512,n=1,k=256): [1;32mOK[0m
  MUL_MAT_ID(type_a=q3_K,type_b=f32,n_mats=4,n_used=2,b=0,m=512,n=32,k=256): [1;32mOK[0m
  MUL_MAT_ID(type_a=q5_K,type_b=f32,n_mats=4,n_used=2,b=0,m=512,n=1,k=256): [1;32mOK[0m
  MUL_MAT_ID(type_a=q5_K,type_b=f32,n_mats=4,n_used=2,b=0,m=512,n=32,k=256): [1;32mOK[0m
  MUL_MAT_ID(type_a=q6_K,type_b=f32,n_mats=4,n_used=2,b=0,m=512,n=1,k=256): [1;32mOK[0m
  MUL_MAT_ID(type_a=q6_K,type_b=f32,n_mats=4,n_used=2,b=0,m=512,n=32,k=256): [1;32mOK[0m
  MUL_MAT_ID(type_a=iq2_xs,type_b=f32,n_mats=4,n_used=2,b=0,m=512,n=1,k=256): [1;32mOK[0m
  MUL_MAT_ID(type_a=iq2_xs,type_b=f32,n_mats=4,n_used=2,b=0,m=512,n=32,k=256): [1;32mOK[0m
  MUL_MAT_ID(type_a=iq2_s,type_b=f32,n_mats=4,n_used=2,b=0,m=512,n=1,k=256): [1;32mOK[0m
  MUL_MAT_ID(type_a=iq2_s,type_b=f32,n_mats=4,n_used=2,b=0,m=512,n=32,k=256): [1;32mOK[0m
  MUL_MAT_ID(type_a=iq3_xxs,type_b=f32,n_mats=4,n_used=2,b=0,m=512,n=1,k=256): [1;32mOK[0m
  MUL_MAT_ID(type_a=iq3_xxs,type_b=f32,n_mats=4,n_used=2,b=0,m=512,n=32,k=256): [1;32mOK[0m
  MUL_MAT_ID(type_a=iq1_s,type_b=f32,n_mats=4,n_used=2,b=0,m=512,n=1,k=256): [1;32mOK[0m
  MUL_MAT_ID(type_a=iq1_s,type_b=f32,n_mats=4,n_used=2,b=0,m=512,n=32,k=256): [1;32mOK[0m
  MUL_MAT_ID(type_a=iq1_m,type_b=f32,n_mats=4,n_used=2,b=0,m=512,n=1,k=256): [1;32mOK[0m
  MUL_MAT_ID(type_a=iq1_m,type_b=f32,n_mats=4,n_used=2,b=0,m=512,n=32,k=256): [1;32mOK[0m
  MUL_MAT_ID(type_a=iq4_nl,type_b=f32,n_mats=4,n_used=2,b=0,m=512,n=1,k=256): [1;32mOK[0m
  MUL_MAT_ID(type_a=iq4_nl,type_b=f32,n_mats=4,n_used=2,b=0,m=512,n=32,k=256): [1;32mOK[0m
  MUL_MAT_ID(type_a=iq3_s,type_b=f32,n_mats=4,n_used=2,b=0,m=512,n=1,k=256): [1;32mOK[0m
  MUL_MAT_ID(type_a=iq3_s,type_b=f32,n_mats=4,n_used=2,b=0,m=512,n=32,k=256): [1;32mOK[0m
  MUL_MAT_ID(type_a=iq4_xs,type_b=f32,n_mats=4,n_used=2,b=0,m=512,n=1,k=256): [1;32mOK[0m
  MUL_MAT_ID(type_a=iq4_xs,type_b=f32,n_mats=4,n_used=2,b=0,m=512,n=32,k=256): [1;32mOK[0m
  MUL_MAT_ID(type_a=bf16,type_b=f32,n_mats=4,n_used=2,b=0,m=512,n=1,k=256): [1;32mOK[0m
  MUL_MAT_ID(type_a=bf16,type_b=f32,n_mats=4,n_used=2,b=0,m=512,n=32,k=256): [1;32mOK[0m
  714/714 tests passed
  Backend SYCL0: [1;32mOK[0m
Backend 2/2: CPU
  Skipping CPU backend
2/2 backends passed
[1;32mOK[0m
