[SYCL][OP] call ggml_sycl_mul_mat: dst='node_34':type=f32;ne=[32, 1, 1, 1];nb=[4, 128, 128, 128]	src0='blk.0.ssm_alpha.weight':type=q4_K;ne=[2048, 32, 1, 1];nb=[144, 1152, 36864, 36864]	src1='attn_norm-0':type=f32;ne=[2048, 1, 1, 1];nb=[4, 8192, 8192, 8192]
[SYCL][OP] call ggml_sycl_op_mul_mat/quantize_row_q8_1_sycl: dst='node_34':type=f32;ne=[32, 1, 1, 1];nb=[4, 128, 128, 128]	src0='blk.0.ssm_alpha.weight':type=q4_K;ne=[2048, 32, 1, 1];nb=[144, 1152, 36864, 36864]	src1='attn_norm-0':type=f32;ne=[2048, 1, 1, 1];nb=[4, 8192, 8192, 8192] : converting src1 to Q8_1
[SYCL][OP] call ggml_sycl_mul_mat: dst='node_40':type=f32;ne=[32, 1, 1, 1];nb=[4, 128, 128, 128]	src0='blk.0.ssm_beta.weight':type=q4_K;ne=[2048, 32, 1, 1];nb=[144, 1152, 36864, 36864]	src1='attn_norm-0':type=f32;ne=[2048, 1, 1, 1];nb=[4, 8192, 8192, 8192]
[SYCL][OP] call ggml_sycl_op_mul_mat/quantize_row_q8_1_sycl: dst='node_40':type=f32;ne=[32, 1, 1, 1];nb=[4, 128, 128, 128]	src0='blk.0.ssm_beta.weight':type=q4_K;ne=[2048, 32, 1, 1];nb=[144, 1152, 36864, 36864]	src1='attn_norm-0':type=f32;ne=[2048, 1, 1, 1];nb=[4, 8192, 8192, 8192] : converting src1 to Q8_1
[SYCL][OP] call ggml_sycl_mul_mat: dst='z-0':type=f32;ne=[4096, 1, 1, 1];nb=[4, 16384, 16384, 16384]	src0='blk.0.attn_gate.weight':type=q4_K;ne=[2048, 4096, 1, 1];nb=[144, 1152, 4718592, 4718592]	src1='attn_norm-0':type=f32;ne=[2048, 1, 1, 1];nb=[4, 8192, 8192, 8192]
[SYCL][OP] call ggml_sycl_op_mul_mat/quantize_row_q8_1_sycl: dst='z-0':type=f32;ne=[4096, 1, 1, 1];nb=[4, 16384, 16384, 16384]	src0='blk.0.attn_gate.weight':type=q4_K;ne=[2048, 4096, 1, 1];nb=[144, 1152, 4718592, 4718592]	src1='attn_norm-0':type=f32;ne=[2048, 1, 1, 1];nb=[4, 8192, 8192, 8192] : converting src1 to Q8_1
[SYCL][OP] call ggml_sycl_mul_mat: dst='linear_attn_out-0':type=f32;ne=[2048, 1, 1, 1];nb=[4, 8192, 8192, 8192]	src0='blk.0.ssm_out.weight':type=q4_K;ne=[4096, 2048, 1, 1];nb=[144, 2304, 4718592, 4718592]	src1='final_output-0':type=f32;ne=[4096, 1, 1, 1];nb=[4, 16384, 16384, 16384]
[SYCL][OP] call ggml_sycl_op_mul_mat/quantize_row_q8_1_sycl: dst='linear_attn_out-0':type=f32;ne=[2048, 1, 1, 1];nb=[4, 8192, 8192, 8192]	src0='blk.0.ssm_out.weight':type=q4_K;ne=[4096, 2048, 1, 1];nb=[144, 2304, 4718592, 4718592]	src1='final_output-0':type=f32;ne=[4096, 1, 1, 1];nb=[4, 16384, 16384, 16384] : converting src1 to Q8_1
[SYCL][OP] call ggml_sycl_mul_mat_id: dst='ffn_moe_gate-0':type=f32;ne=[512, 8, 1, 1];nb=[4, 2048, 16384, 16384]	src0='blk.0.ffn_gate_exps.weight':type=q4_K;ne=[2048, 512, 256, 1];nb=[144, 1152, 589824, 150994944]	src1='attn_post_norm-0 (reshaped)':type=f32;ne=[2048, 1, 1, 1];nb=[4, 8192, 8192, 8192]	src2='ffn_moe_topk-0':type=i32;ne=[8, 1, 1, 1];nb=[4, 1024, 1024, 1024]
[SYCL][OP] call ggml_sycl_mul_mat_id done
[SYCL][OP] call ggml_sycl_mul_mat_id: dst='ffn_moe_up-0':type=f32;ne=[512, 8, 1, 1];nb=[4, 2048, 16384, 16384]	src0='blk.0.ffn_up_exps.weight':type=q4_K;ne=[2048, 512, 256, 1];nb=[144, 1152, 589824, 150994944]	src1='attn_post_norm-0 (reshaped)':type=f32;ne=[2048, 1, 1, 1];nb=[4, 8192, 8192, 8192]	src2='ffn_moe_topk-0':type=i32;ne=[8, 1, 1, 1];nb=[4, 1024, 1024, 1024]
[SYCL][OP] call ggml_sycl_mul_mat_id done
[SYCL][OP] call ggml_sycl_mul_mat_id: dst='ffn_moe_down-0':type=f32;ne=[2048, 8, 1, 1];nb=[4, 8192, 65536, 65536]	src0='blk.0.ffn_down_exps.weight':type=q6_K;ne=[512, 2048, 256, 1];nb=[210, 420, 860160, 220200960]	src1='ffn_moe_swiglu-0':type=f32;ne=[512, 8, 1, 1];nb=[4, 2048, 16384, 16384]	src2='ffn_moe_topk-0':type=i32;ne=[8, 1, 1, 1];nb=[4, 1024, 1024, 1024]
[SYCL][OP] call ggml_sycl_mul_mat_id done
[SYCL][OP] call ggml_sycl_mul_mat: dst='ffn_gate-0':type=f32;ne=[512, 1, 1, 1];nb=[4, 2048, 2048, 2048]	src0='blk.0.ffn_gate_shexp.weight':type=q4_K;ne=[2048, 512, 1, 1];nb=[144, 1152, 589824, 589824]	src1='attn_post_norm-0':type=f32;ne=[2048, 1, 1, 1];nb=[4, 8192, 8192, 8192]
[SYCL][OP] call ggml_sycl_op_mul_mat/quantize_row_q8_1_sycl: dst='ffn_gate-0':type=f32;ne=[512, 1, 1, 1];nb=[4, 2048, 2048, 2048]	src0='blk.0.ffn_gate_shexp.weight':type=q4_K;ne=[2048, 512, 1, 1];nb=[144, 1152, 589824, 589824]	src1='attn_post_norm-0':type=f32;ne=[2048, 1, 1, 1];nb=[4, 8192, 8192, 8192] : converting src1 to Q8_1
[SYCL][OP] call ggml_sycl_mul_mat: dst='ffn_up-0':type=f32;ne=[512, 1, 1, 1];nb=[4, 2048, 2048, 2048]	src0='blk.0.ffn_up_shexp.weight':type=q4_K;ne=[2048, 512, 1, 1];nb=[144, 1152, 589824, 589824]	src1='attn_post_norm-0':type=f32;ne=[2048, 1, 1, 1];nb=[4, 8192, 8192, 8192]
[SYCL][OP] call ggml_sycl_op_mul_mat/quantize_row_q8_1_sycl: dst='ffn_up-0':type=f32;ne=[512, 1, 1, 1];nb=[4, 2048, 2048, 2048]	src0='blk.0.ffn_up_shexp.weight':type=q4_K;ne=[2048, 512, 1, 1];nb=[144, 1152, 589824, 589824]	src1='attn_post_norm-0':type=f32;ne=[2048, 1, 1, 1];nb=[4, 8192, 8192, 8192] : converting src1 to Q8_1
[SYCL][OP] call ggml_sycl_mul_mat: dst='node_134':type=f32;ne=[32, 1, 1, 1];nb=[4, 128, 128, 128]	src0='blk.1.ssm_alpha.weight':type=q4_K;ne=[2048, 32, 1, 1];nb=[144, 1152, 36864, 36864]	src1='attn_norm-1':type=f32;ne=[2048, 1, 1, 1];nb=[4, 8192, 8192, 8192]
[SYCL][OP] call ggml_sycl_op_mul_mat/quantize_row_q8_1_sycl: dst='node_134':type=f32;ne=[32, 1, 1, 1];nb=[4, 128, 128, 128]	src0='blk.1.ssm_alpha.weight':type=q4_K;ne=[2048, 32, 1, 1];nb=[144, 1152, 36864, 36864]	src1='attn_norm-1':type=f32;ne=[2048, 1, 1, 1];nb=[4, 8192, 8192, 8192] : converting src1 to Q8_1
[SYCL][OP] call ggml_sycl_mul_mat: dst='node_140':type=f32;ne=[32, 1, 1, 1];nb=[4, 128, 128, 128]	src0='blk.1.ssm_beta.weight':type=q4_K;ne=[2048, 32, 1, 1];nb=[144, 1152, 36864, 36864]	src1='attn_norm-1':type=f32;ne=[2048, 1, 1, 1];nb=[4, 8192, 8192, 8192]
[SYCL][OP] call ggml_sycl_op_mul_mat/quantize_row_q8_1_sycl: dst='node_140':type=f32;ne=[32, 1, 1, 1];nb=[4, 128, 128, 128]	src0='blk.1.ssm_beta.weight':type=q4_K;ne=[2048, 32, 1, 1];nb=[144, 1152, 36864, 36864]	src1='attn_norm-1':type=f32;ne=[2048, 1, 1, 1];nb=[4, 8192, 8192, 8192] : converting src1 to Q8_1
[SYCL][OP] call ggml_sycl_mul_mat: dst='z-1':type=f32;ne=[4096, 1, 1, 1];nb=[4, 16384, 16384, 16384]	src0='blk.1.attn_gate.weight':type=q4_K;ne=[2048, 4096, 1, 1];nb=[144, 1152, 4718592, 4718592]	src1='attn_norm-1':type=f32;ne=[2048, 1, 1, 1];nb=[4, 8192, 8192, 8192]
[SYCL][OP] call ggml_sycl_op_mul_mat/quantize_row_q8_1_sycl: dst='z-1':type=f32;ne=[4096, 1, 1, 1];nb=[4, 16384, 16384, 16384]	src0='blk.1.attn_gate.weight':type=q4_K;ne=[2048, 4096, 1, 1];nb=[144, 1152, 4718592, 4718592]	src1='attn_norm-1':type=f32;ne=[2048, 1, 1, 1];nb=[4, 8192, 8192, 8192] : converting src1 to Q8_1
[SYCL][OP] call ggml_sycl_mul_mat: dst='linear_attn_out-1':type=f32;ne=[2048, 1, 1, 1];nb=[4, 8192, 8192, 8192]	src0='blk.1.ssm_out.weight':type=q4_K;ne=[4096, 2048, 1, 1];nb=[144, 2304, 4718592, 4718592]	src1='final_output-1':type=f32;ne=[4096, 1, 1, 1];nb=[4, 16384, 16384, 16384]
[SYCL][OP] call ggml_sycl_op_mul_mat/quantize_row_q8_1_sycl: dst='linear_attn_out-1':type=f32;ne=[2048, 1, 1, 1];nb=[4, 8192, 8192, 8192]	src0='blk.1.ssm_out.weight':type=q4_K;ne=[4096, 2048, 1, 1];nb=[144, 2304, 4718592, 4718592]	src1='final_output-1':type=f32;ne=[4096, 1, 1, 1];nb=[4, 16384, 16384, 16384] : converting src1 to Q8_1
[SYCL][OP] call ggml_sycl_mul_mat_id: dst='ffn_moe_gate-1':type=f32;ne=[512, 8, 1, 1];nb=[4, 2048, 16384, 16384]	src0='blk.1.ffn_gate_exps.weight':type=q4_K;ne=[2048, 512, 256, 1];nb=[144, 1152, 589824, 150994944]	src1='attn_post_norm-1 (reshaped)':type=f32;ne=[2048, 1, 1, 1];nb=[4, 8192, 8192, 8192]	src2='ffn_moe_topk-1':type=i32;ne=[8, 1, 1, 1];nb=[4, 1024, 1024, 1024]
[SYCL][OP] call ggml_sycl_mul_mat_id done
[SYCL][OP] call ggml_sycl_mul_mat_id: dst='ffn_moe_up-1':type=f32;ne=[512, 8, 1, 1];nb=[4, 2048, 16384, 16384]	src0='blk.1.ffn_up_exps.weight':type=q4_K;ne=[2048, 512, 256, 1];nb=[144, 1152, 589824, 150994944]	src1='attn_post_norm-1 (reshaped)':type=f32;ne=[2048, 1, 1, 1];nb=[4, 8192, 8192, 8192]	src2='ffn_moe_topk-1':type=i32;ne=[8, 1, 1, 1];nb=[4, 1024, 1024, 1024]
[SYCL][OP] call ggml_sycl_mul_mat_id done
[SYCL][OP] call ggml_sycl_mul_mat_id: dst='ffn_moe_down-1':type=f32;ne=[2048, 8, 1, 1];nb=[4, 8192, 65536, 65536]	src0='blk.1.ffn_down_exps.weight':type=q6_K;ne=[512, 2048, 256, 1];nb=[210, 420, 860160, 220200960]	src1='ffn_moe_swiglu-1':type=f32;ne=[512, 8, 1, 1];nb=[4, 2048, 16384, 16384]	src2='ffn_moe_topk-1':type=i32;ne=[8, 1, 1, 1];nb=[4, 1024, 1024, 1024]
[SYCL][OP] call ggml_sycl_mul_mat_id done
[SYCL][OP] call ggml_sycl_mul_mat: dst='ffn_gate-1':type=f32;ne=[512, 1, 1, 1];nb=[4, 2048, 2048, 2048]	src0='blk.1.ffn_gate_shexp.weight':type=q4_K;ne=[2048, 512, 1, 1];nb=[144, 1152, 589824, 589824]	src1='attn_post_norm-1':type=f32;ne=[2048, 1, 1, 1];nb=[4, 8192, 8192, 8192]
[SYCL][OP] call ggml_sycl_op_mul_mat/quantize_row_q8_1_sycl: dst='ffn_gate-1':type=f32;ne=[512, 1, 1, 1];nb=[4, 2048, 2048, 2048]	src0='blk.1.ffn_gate_shexp.weight':type=q4_K;ne=[2048, 512, 1, 1];nb=[144, 1152, 589824, 589824]	src1='attn_post_norm-1':type=f32;ne=[2048, 1, 1, 1];nb=[4, 8192, 8192, 8192] : converting src1 to Q8_1
[SYCL][OP] call ggml_sycl_mul_mat: dst='ffn_up-1':type=f32;ne=[512, 1, 1, 1];nb=[4, 2048, 2048, 2048]	src0='blk.1.ffn_up_shexp.weight':type=q4_K;ne=[2048, 512, 1, 1];nb=[144, 1152, 589824, 589824]	src1='attn_post_norm-1':type=f32;ne=[2048, 1, 1, 1];nb=[4, 8192, 8192, 8192]
[SYCL][OP] call ggml_sycl_op_mul_mat/quantize_row_q8_1_sycl: dst='ffn_up-1':type=f32;ne=[512, 1, 1, 1];nb=[4, 2048, 2048, 2048]	src0='blk.1.ffn_up_shexp.weight':type=q4_K;ne=[2048, 512, 1, 1];nb=[144, 1152, 589824, 589824]	src1='attn_post_norm-1':type=f32;ne=[2048, 1, 1, 1];nb=[4, 8192, 8192, 8192] : converting src1 to Q8_1
[SYCL][OP] call ggml_sycl_mul_mat: dst='node_234':type=f32;ne=[32, 1, 1, 1];nb=[4, 128, 128, 128]	src0='blk.2.ssm_alpha.weight':type=q4_K;ne=[2048, 32, 1, 1];nb=[144, 1152, 36864, 36864]	src1='attn_norm-2':type=f32;ne=[2048, 1, 1, 1];nb=[4, 8192, 8192, 8192]
[SYCL][OP] call ggml_sycl_op_mul_mat/quantize_row_q8_1_sycl: dst='node_234':type=f32;ne=[32, 1, 1, 1];nb=[4, 128, 128, 128]	src0='blk.2.ssm_alpha.weight':type=q4_K;ne=[2048, 32, 1, 1];nb=[144, 1152, 36864, 36864]	src1='attn_norm-2':type=f32;ne=[2048, 1, 1, 1];nb=[4, 8192, 8192, 8192] : converting src1 to Q8_1
[SYCL][OP] call ggml_sycl_mul_mat: dst='node_240':type=f32;ne=[32, 1, 1, 1];nb=[4, 128, 128, 128]	src0='blk.2.ssm_beta.weight':type=q4_K;ne=[2048, 32, 1, 1];nb=[144, 1152, 36864, 36864]	src1='attn_norm-2':type=f32;ne=[2048, 1, 1, 1];nb=[4, 8192, 8192, 8192]
[SYCL][OP] call ggml_sycl_op_mul_mat/quantize_row_q8_1_sycl: dst='node_240':type=f32;ne=[32, 1, 1, 1];nb=[4, 128, 128, 128]	src0='blk.2.ssm_beta.weight':type=q4_K;ne=[2048, 32, 1, 1];nb=[144, 1152, 36864, 36864]	src1='attn_norm-2':type=f32;ne=[2048, 1, 1, 1];nb=[4, 8192, 8192, 8192] : converting src1 to Q8_1
[SYCL][OP] call ggml_sycl_mul_mat: dst='z-2':type=f32;ne=[4096, 1, 1, 1];nb=[4, 16384, 16384, 16384]	src0='blk.2.attn_gate.weight':type=q4_K;ne=[2048, 4096, 1, 1];nb=[144, 1152, 4718592, 4718592]	src1='attn_norm-2':type=f32;ne=[2048, 1, 1, 1];nb=[4, 8192, 8192, 8192]
[SYCL][OP] call ggml_sycl_op_mul_mat/quantize_row_q8_1_sycl: dst='z-2':type=f32;ne=[4096, 1, 1, 1];nb=[4, 16384, 16384, 16384]	src0='blk.2.attn_gate.weight':type=q4_K;ne=[2048, 4096, 1, 1];nb=[144, 1152, 4718592, 4718592]	src1='attn_norm-2':type=f32;ne=[2048, 1, 1, 1];nb=[4, 8192, 8192, 8192] : converting src1 to Q8_1
[SYCL][OP] call ggml_sycl_mul_mat: dst='linear_attn_out-2':type=f32;ne=[2048, 1, 1, 1];nb=[4, 8192, 8192, 8192]	src0='blk.2.ssm_out.weight':type=q4_K;ne=[4096, 2048, 1, 1];nb=[144, 2304, 4718592, 4718592]	src1='final_output-2':type=f32;ne=[4096, 1, 1, 1];nb=[4, 16384, 16384, 16384]
[SYCL][OP] call ggml_sycl_op_mul_mat/quantize_row_q8_1_sycl: dst='linear_attn_out-2':type=f32;ne=[2048, 1, 1, 1];nb=[4, 8192, 8192, 8192]	src0='blk.2.ssm_out.weight':type=q4_K;ne=[4096, 2048, 1, 1];nb=[144, 2304, 4718592, 4718592]	src1='final_output-2':type=f32;ne=[4096, 1, 1, 1];nb=[4, 16384, 16384, 16384] : converting src1 to Q8_1
[SYCL][OP] call ggml_sycl_mul_mat_id: dst='ffn_moe_gate-2':type=f32;ne=[512, 8, 1, 1];nb=[4, 2048, 16384, 16384]	src0='blk.2.ffn_gate_exps.weight':type=q4_K;ne=[2048, 512, 256, 1];nb=[144, 1152, 589824, 150994944]	src1='attn_post_norm-2 (reshaped)':type=f32;ne=[2048, 1, 1, 1];nb=[4, 8192, 8192, 8192]	src2='ffn_moe_topk-2':type=i32;ne=[8, 1, 1, 1];nb=[4, 1024, 1024, 1024]
[SYCL][OP] call ggml_sycl_mul_mat_id done
[SYCL][OP] call ggml_sycl_mul_mat_id: dst='ffn_moe_up-2':type=f32;ne=[512, 8, 1, 1];nb=[4, 2048, 16384, 16384]	src0='blk.2.ffn_up_exps.weight':type=q4_K;ne=[2048, 512, 256, 1];nb=[144, 1152, 589824, 150994944]	src1='attn_post_norm-2 (reshaped)':type=f32;ne=[2048, 1, 1, 1];nb=[4, 8192, 8192, 8192]	src2='ffn_moe_topk-2':type=i32;ne=[8, 1, 1, 1];nb=[4, 1024, 1024, 1024]
[SYCL][OP] call ggml_sycl_mul_mat_id done
[SYCL][OP] call ggml_sycl_mul_mat_id: dst='ffn_moe_down-2':type=f32;ne=[2048, 8, 1, 1];nb=[4, 8192, 65536, 65536]	src0='blk.2.ffn_down_exps.weight':type=q6_K;ne=[512, 2048, 256, 1];nb=[210, 420, 860160, 220200960]	src1='ffn_moe_swiglu-2':type=f32;ne=[512, 8, 1, 1];nb=[4, 2048, 16384, 16384]	src2='ffn_moe_topk-2':type=i32;ne=[8, 1, 1, 1];nb=[4, 1024, 1024, 1024]
[SYCL][OP] call ggml_sycl_mul_mat_id done
[SYCL][OP] call ggml_sycl_mul_mat: dst='ffn_gate-2':type=f32;ne=[512, 1, 1, 1];nb=[4, 2048, 2048, 2048]	src0='blk.2.ffn_gate_shexp.weight':type=q4_K;ne=[2048, 512, 1, 1];nb=[144, 1152, 589824, 589824]	src1='attn_post_norm-2':type=f32;ne=[2048, 1, 1, 1];nb=[4, 8192, 8192, 8192]
[SYCL][OP] call ggml_sycl_op_mul_mat/quantize_row_q8_1_sycl: dst='ffn_gate-2':type=f32;ne=[512, 1, 1, 1];nb=[4, 2048, 2048, 2048]	src0='blk.2.ffn_gate_shexp.weight':type=q4_K;ne=[2048, 512, 1, 1];nb=[144, 1152, 589824, 589824]	src1='attn_post_norm-2':type=f32;ne=[2048, 1, 1, 1];nb=[4, 8192, 8192, 8192] : converting src1 to Q8_1
[SYCL][OP] call ggml_sycl_mul_mat: dst='ffn_up-2':type=f32;ne=[512, 1, 1, 1];nb=[4, 2048, 2048, 2048]	src0='blk.2.ffn_up_shexp.weight':type=q4_K;ne=[2048, 512, 1, 1];nb=[144, 1152, 589824, 589824]	src1='attn_post_norm-2':type=f32;ne=[2048, 1, 1, 1];nb=[4, 8192, 8192, 8192]
[SYCL][OP] call ggml_sycl_op_mul_mat/quantize_row_q8_1_sycl: dst='ffn_up-2':type=f32;ne=[512, 1, 1, 1];nb=[4, 2048, 2048, 2048]	src0='blk.2.ffn_up_shexp.weight':type=q4_K;ne=[2048, 512, 1, 1];nb=[144, 1152, 589824, 589824]	src1='attn_post_norm-2':type=f32;ne=[2048, 1, 1, 1];nb=[4, 8192, 8192, 8192] : converting src1 to Q8_1
[SYCL][OP] call ggml_sycl_mul_mat: dst='Qcur_full-3':type=f32;ne=[8192, 1, 1, 1];nb=[4, 32768, 32768, 32768]	src0='blk.3.attn_q.weight':type=q4_K;ne=[2048, 8192, 1, 1];nb=[144, 1152, 9437184, 9437184]	src1='attn_norm-3':type=f32;ne=[2048, 1, 1, 1];nb=[4, 8192, 8192, 8192]
[SYCL][OP] call ggml_sycl_op_mul_mat/quantize_row_q8_1_sycl: dst='Qcur_full-3':type=f32;ne=[8192, 1, 1, 1];nb=[4, 32768, 32768, 32768]	src0='blk.3.attn_q.weight':type=q4_K;ne=[2048, 8192, 1, 1];nb=[144, 1152, 9437184, 9437184]	src1='attn_norm-3':type=f32;ne=[2048, 1, 1, 1];nb=[4, 8192, 8192, 8192] : converting src1 to Q8_1
[SYCL][OP] call ggml_sycl_mul_mat: dst='Kcur-3':type=f32;ne=[512, 1, 1, 1];nb=[4, 2048, 2048, 2048]	src0='blk.3.attn_k.weight':type=q4_K;ne=[2048, 512, 1, 1];nb=[144, 1152, 589824, 589824]	src1='attn_norm-3':type=f32;ne=[2048, 1, 1, 1];nb=[4, 8192, 8192, 8192]
[SYCL][OP] call ggml_sycl_op_mul_mat/quantize_row_q8_1_sycl: dst='Kcur-3':type=f32;ne=[512, 1, 1, 1];nb=[4, 2048, 2048, 2048]	src0='blk.3.attn_k.weight':type=q4_K;ne=[2048, 512, 1, 1];nb=[144, 1152, 589824, 589824]	src1='attn_norm-3':type=f32;ne=[2048, 1, 1, 1];nb=[4, 8192, 8192, 8192] : converting src1 to Q8_1
[SYCL][OP] call ggml_sycl_mul_mat: dst='attn_output-3':type=f32;ne=[2048, 1, 1, 1];nb=[4, 8192, 8192, 8192]	src0='blk.3.attn_output.weight':type=q4_K;ne=[4096, 2048, 1, 1];nb=[144, 2304, 4718592, 4718592]	src1='attn_gated-3':type=f32;ne=[4096, 1, 1, 1];nb=[4, 16384, 16384, 16384]
[SYCL][OP] call ggml_sycl_op_mul_mat/quantize_row_q8_1_sycl: dst='attn_output-3':type=f32;ne=[2048, 1, 1, 1];nb=[4, 8192, 8192, 8192]	src0='blk.3.attn_output.weight':type=q4_K;ne=[4096, 2048, 1, 1];nb=[144, 2304, 4718592, 4718592]	src1='attn_gated-3':type=f32;ne=[4096, 1, 1, 1];nb=[4, 16384, 16384, 16384] : converting src1 to Q8_1
[SYCL][OP] call ggml_sycl_mul_mat_id: dst='ffn_moe_gate-3':type=f32;ne=[512, 8, 1, 1];nb=[4, 2048, 16384, 16384]	src0='blk.3.ffn_gate_exps.weight':type=q4_K;ne=[2048, 512, 256, 1];nb=[144, 1152, 589824, 150994944]	src1='attn_post_norm-3 (reshaped)':type=f32;ne=[2048, 1, 1, 1];nb=[4, 8192, 8192, 8192]	src2='ffn_moe_topk-3':type=i32;ne=[8, 1, 1, 1];nb=[4, 1024, 1024, 1024]
[SYCL][OP] call ggml_sycl_mul_mat_id done
[SYCL][OP] call ggml_sycl_mul_mat_id: dst='ffn_moe_up-3':type=f32;ne=[512, 8, 1, 1];nb=[4, 2048, 16384, 16384]	src0='blk.3.ffn_up_exps.weight':type=q4_K;ne=[2048, 512, 256, 1];nb=[144, 1152, 589824, 150994944]	src1='attn_post_norm-3 (reshaped)':type=f32;ne=[2048, 1, 1, 1];nb=[4, 8192, 8192, 8192]	src2='ffn_moe_topk-3':type=i32;ne=[8, 1, 1, 1];nb=[4, 1024, 1024, 1024]
[SYCL][OP] call ggml_sycl_mul_mat_id done
[SYCL][OP] call ggml_sycl_mul_mat_id: dst='ffn_moe_down-3':type=f32;ne=[2048, 8, 1, 1];nb=[4, 8192, 65536, 65536]	src0='blk.3.ffn_down_exps.weight':type=q6_K;ne=[512, 2048, 256, 1];nb=[210, 420, 860160, 220200960]	src1='ffn_moe_swiglu-3':type=f32;ne=[512, 8, 1, 1];nb=[4, 2048, 16384, 16384]	src2='ffn_moe_topk-3':type=i32;ne=[8, 1, 1, 1];nb=[4, 1024, 1024, 1024]
[SYCL][OP] call ggml_sycl_mul_mat_id done
[SYCL][OP] call ggml_sycl_mul_mat: dst='ffn_gate-3':type=f32;ne=[512, 1, 1, 1];nb=[4, 2048, 2048, 2048]	src0='blk.3.ffn_gate_shexp.weight':type=q4_K;ne=[2048, 512, 1, 1];nb=[144, 1152, 589824, 589824]	src1='attn_post_norm-3':type=f32;ne=[2048, 1, 1, 1];nb=[4, 8192, 8192, 8192]
[SYCL][OP] call ggml_sycl_op_mul_mat/quantize_row_q8_1_sycl: dst='ffn_gate-3':type=f32;ne=[512, 1, 1, 1];nb=[4, 2048, 2048, 2048]	src0='blk.3.ffn_gate_shexp.weight':type=q4_K;ne=[2048, 512, 1, 1];nb=[144, 1152, 589824, 589824]	src1='attn_post_norm-3':type=f32;ne=[2048, 1, 1, 1];nb=[4, 8192, 8192, 8192] : converting src1 to Q8_1
[SYCL][OP] call ggml_sycl_mul_mat: dst='ffn_up-3':type=f32;ne=[512, 1, 1, 1];nb=[4, 2048, 2048, 2048]	src0='blk.3.ffn_up_shexp.weight':type=q4_K;ne=[2048, 512, 1, 1];nb=[144, 1152, 589824, 589824]	src1='attn_post_norm-3':type=f32;ne=[2048, 1, 1, 1];nb=[4, 8192, 8192, 8192]
[SYCL][OP] call ggml_sycl_op_mul_mat/quantize_row_q8_1_sycl: dst='ffn_up-3':type=f32;ne=[512, 1, 1, 1];nb=[4, 2048, 2048, 2048]	src0='blk.3.ffn_up_shexp.weight':type=q4_K;ne=[2048, 512, 1, 1];nb=[144, 1152, 589824, 589824]	src1='attn_post_norm-3':type=f32;ne=[2048, 1, 1, 1];nb=[4, 8192, 8192, 8192] : converting src1 to Q8_1
[SYCL][OP] call ggml_sycl_mul_mat: dst='node_414':type=f32;ne=[32, 1, 1, 1];nb=[4, 128, 128, 128]	src0='blk.4.ssm_alpha.weight':type=q4_K;ne=[2048, 32, 1, 1];nb=[144, 1152, 36864, 36864]	src1='attn_norm-4':type=f32;ne=[2048, 1, 1, 1];nb=[4, 8192, 8192, 8192]
[SYCL][OP] call ggml_sycl_op_mul_mat/quantize_row_q8_1_sycl: dst='node_414':type=f32;ne=[32, 1, 1, 1];nb=[4, 128, 128, 128]	src0='blk.4.ssm_alpha.weight':type=q4_K;ne=[2048, 32, 1, 1];nb=[144, 1152, 36864, 36864]	src1='attn_norm-4':type=f32;ne=[2048, 1, 1, 1];nb=[4, 8192, 8192, 8192] : converting src1 to Q8_1
[SYCL][OP] call ggml_sycl_mul_mat: dst='node_420':type=f32;ne=[32, 1, 1, 1];nb=[4, 128, 128, 128]	src0='blk.4.ssm_beta.weight':type=q4_K;ne=[2048, 32, 1, 1];nb=[144, 1152, 36864, 36864]	src1='attn_norm-4':type=f32;ne=[2048, 1, 1, 1];nb=[4, 8192, 8192, 8192]
[SYCL][OP] call ggml_sycl_op_mul_mat/quantize_row_q8_1_sycl: dst='node_420':type=f32;ne=[32, 1, 1, 1];nb=[4, 128, 128, 128]	src0='blk.4.ssm_beta.weight':type=q4_K;ne=[2048, 32, 1, 1];nb=[144, 1152, 36864, 36864]	src1='attn_norm-4':type=f32;ne=[2048, 1, 1, 1];nb=[4, 8192, 8192, 8192] : converting src1 to Q8_1
[SYCL][OP] call ggml_sycl_mul_mat: dst='z-4':type=f32;ne=[4096, 1, 1, 1];nb=[4, 16384, 16384, 16384]	src0='blk.4.attn_gate.weight':type=q4_K;ne=[2048, 4096, 1, 1];nb=[144, 1152, 4718592, 4718592]	src1='attn_norm-4':type=f32;ne=[2048, 1, 1, 1];nb=[4, 8192, 8192, 8192]
[SYCL][OP] call ggml_sycl_op_mul_mat/quantize_row_q8_1_sycl: dst='z-4':type=f32;ne=[4096, 1, 1, 1];nb=[4, 16384, 16384, 16384]	src0='blk.4.attn_gate.weight':type=q4_K;ne=[2048, 4096, 1, 1];nb=[144, 1152, 4718592, 4718592]	src1='attn_norm-4':type=f32;ne=[2048, 1, 1, 1];nb=[4, 8192, 8192, 8192] : converting src1 to Q8_1
[SYCL][OP] call ggml_sycl_mul_mat: dst='linear_attn_out-4':type=f32;ne=[2048, 1, 1, 1];nb=[4, 8192, 8192, 8192]	src0='blk.4.ssm_out.weight':type=q4_K;ne=[4096, 2048, 1, 1];nb=[144, 2304, 4718592, 4718592]	src1='final_output-4':type=f32;ne=[4096, 1, 1, 1];nb=[4, 16384, 16384, 16384]
[SYCL][OP] call ggml_sycl_op_mul_mat/quantize_row_q8_1_sycl: dst='linear_attn_out-4':type=f32;ne=[2048, 1, 1, 1];nb=[4, 8192, 8192, 8192]	src0='blk.4.ssm_out.weight':type=q4_K;ne=[4096, 2048, 1, 1];nb=[144, 2304, 4718592, 4718592]	src1='final_output-4':type=f32;ne=[4096, 1, 1, 1];nb=[4, 16384, 16384, 16384] : converting src1 to Q8_1
[SYCL][OP] call ggml_sycl_mul_mat_id: dst='ffn_moe_gate-4':type=f32;ne=[512, 8, 1, 1];nb=[4, 2048, 16384, 16384]	src0='blk.4.ffn_gate_exps.weight':type=q4_K;ne=[2048, 512, 256, 1];nb=[144, 1152, 589824, 150994944]	src1='attn_post_norm-4 (reshaped)':type=f32;ne=[2048, 1, 1, 1];nb=[4, 8192, 8192, 8192]	src2='ffn_moe_topk-4':type=i32;ne=[8, 1, 1, 1];nb=[4, 1024, 1024, 1024]
[SYCL][OP] call ggml_sycl_mul_mat_id done
[SYCL][OP] call ggml_sycl_mul_mat_id: dst='ffn_moe_up-4':type=f32;ne=[512, 8, 1, 1];nb=[4, 2048, 16384, 16384]	src0='blk.4.ffn_up_exps.weight':type=q4_K;ne=[2048, 512, 256, 1];nb=[144, 1152, 589824, 150994944]	src1='attn_post_norm-4 (reshaped)':type=f32;ne=[2048, 1, 1, 1];nb=[4, 8192, 8192, 8192]	src2='ffn_moe_topk-4':type=i32;ne=[8, 1, 1, 1];nb=[4, 1024, 1024, 1024]
[SYCL][OP] call ggml_sycl_mul_mat_id done
[SYCL][OP] call ggml_sycl_mul_mat_id: dst='ffn_moe_down-4':type=f32;ne=[2048, 8, 1, 1];nb=[4, 8192, 65536, 65536]	src0='blk.4.ffn_down_exps.weight':type=q6_K;ne=[512, 2048, 256, 1];nb=[210, 420, 860160, 220200960]	src1='ffn_moe_swiglu-4':type=f32;ne=[512, 8, 1, 1];nb=[4, 2048, 16384, 16384]	src2='ffn_moe_topk-4':type=i32;ne=[8, 1, 1, 1];nb=[4, 1024, 1024, 1024]
[SYCL][OP] call ggml_sycl_mul_mat_id done
[SYCL][OP] call ggml_sycl_mul_mat: dst='ffn_gate-4':type=f32;ne=[512, 1, 1, 1];nb=[4, 2048, 2048, 2048]	src0='blk.4.ffn_gate_shexp.weight':type=q4_K;ne=[2048, 512, 1, 1];nb=[144, 1152, 589824, 589824]	src1='attn_post_norm-4':type=f32;ne=[2048, 1, 1, 1];nb=[4, 8192, 8192, 8192]
[SYCL][OP] call ggml_sycl_op_mul_mat/quantize_row_q8_1_sycl: dst='ffn_gate-4':type=f32;ne=[512, 1, 1, 1];nb=[4, 2048, 2048, 2048]	src0='blk.4.ffn_gate_shexp.weight':type=q4_K;ne=[2048, 512, 1, 1];nb=[144, 1152, 589824, 589824]	src1='attn_post_norm-4':type=f32;ne=[2048, 1, 1, 1];nb=[4, 8192, 8192, 8192] : converting src1 to Q8_1
[SYCL][OP] call ggml_sycl_mul_mat: dst='ffn_up-4':type=f32;ne=[512, 1, 1, 1];nb=[4, 2048, 2048, 2048]	src0='blk.4.ffn_up_shexp.weight':type=q4_K;ne=[2048, 512, 1, 1];nb=[144, 1152, 589824, 589824]	src1='attn_post_norm-4':type=f32;ne=[2048, 1, 1, 1];nb=[4, 8192, 8192, 8192]
[SYCL][OP] call ggml_sycl_op_mul_mat/quantize_row_q8_1_sycl: dst='ffn_up-4':type=f32;ne=[512, 1, 1, 1];nb=[4, 2048, 2048, 2048]	src0='blk.4.ffn_up_shexp.weight':type=q4_K;ne=[2048, 512, 1, 1];nb=[144, 1152, 589824, 589824]	src1='attn_post_norm-4':type=f32;ne=[2048, 1, 1, 1];nb=[4, 8192, 8192, 8192] : converting src1 to Q8_1
[SYCL][OP] call ggml_sycl_mul_mat: dst='node_493':type=f32;ne=[8192, 1, 1, 1];nb=[4, 32768, 32768, 32768]	src0='blk.5.attn_qkv.weight':type=q4_K;ne=[2048, 8192, 1, 1];nb=[144, 1152, 9437184, 9437184]	src1='attn_norm-5':type=f32;ne=[2048, 1, 1, 1];nb=[4, 8192, 8192, 8192]
[SYCL][OP] call ggml_sycl_op_mul_mat/quantize_row_q8_1_sycl: dst='node_493':type=f32;ne=[8192, 1, 1, 1];nb=[4, 32768, 32768, 32768]	src0='blk.5.attn_qkv.weight':type=q4_K;ne=[2048, 8192, 1, 1];nb=[144, 1152, 9437184, 9437184]	src1='attn_norm-5':type=f32;ne=[2048, 1, 1, 1];nb=[4, 8192, 8192, 8192] : converting src1 to Q8_1
[SYCL][OP] call ggml_sycl_mul_mat: dst='node_514':type=f32;ne=[32, 1, 1, 1];nb=[4, 128, 128, 128]	src0='blk.5.ssm_alpha.weight':type=q4_K;ne=[2048, 32, 1, 1];nb=[144, 1152, 36864, 36864]	src1='attn_norm-5':type=f32;ne=[2048, 1, 1, 1];nb=[4, 8192, 8192, 8192]
[SYCL][OP] call ggml_sycl_op_mul_mat/quantize_row_q8_1_sycl: dst='node_514':type=f32;ne=[32, 1, 1, 1];nb=[4, 128, 128, 128]	src0='blk.5.ssm_alpha.weight':type=q4_K;ne=[2048, 32, 1, 1];nb=[144, 1152, 36864, 36864]	src1='attn_norm-5':type=f32;ne=[2048, 1, 1, 1];nb=[4, 8192, 8192, 8192] : converting src1 to Q8_1
[SYCL][OP] call ggml_sycl_mul_mat: dst='node_520':type=f32;ne=[32, 1, 1, 1];nb=[4, 128, 128, 128]	src0='blk.5.ssm_beta.weight':type=q4_K;ne=[2048, 32, 1, 1];nb=[144, 1152, 36864, 36864]	src1='attn_norm-5':type=f32;ne=[2048, 1, 1, 1];nb=[4, 8192, 8192, 8192]
[SYCL][OP] call ggml_sycl_op_mul_mat/quantize_row_q8_1_sycl: dst='node_520':type=f32;ne=[32, 1, 1, 1];nb=[4, 128, 128, 128]	src0='blk.5.ssm_beta.weight':type=q4_K;ne=[2048, 32, 1, 1];nb=[144, 1152, 36864, 36864]	src1='attn_norm-5':type=f32;ne=[2048, 1, 1, 1];nb=[4, 8192, 8192, 8192] : converting src1 to Q8_1
[SYCL][OP] call ggml_sycl_mul_mat: dst='z-5':type=f32;ne=[4096, 1, 1, 1];nb=[4, 16384, 16384, 16384]	src0='blk.5.attn_gate.weight':type=q4_K;ne=[2048, 4096, 1, 1];nb=[144, 1152, 4718592, 4718592]	src1='attn_norm-5':type=f32;ne=[2048, 1, 1, 1];nb=[4, 8192, 8192, 8192]
[SYCL][OP] call ggml_sycl_op_mul_mat/quantize_row_q8_1_sycl: dst='z-5':type=f32;ne=[4096, 1, 1, 1];nb=[4, 16384, 16384, 16384]	src0='blk.5.attn_gate.weight':type=q4_K;ne=[2048, 4096, 1, 1];nb=[144, 1152, 4718592, 4718592]	src1='attn_norm-5':type=f32;ne=[2048, 1, 1, 1];nb=[4, 8192, 8192, 8192] : converting src1 to Q8_1
[SYCL][OP] call ggml_sycl_mul_mat: dst='linear_attn_out-5':type=f32;ne=[2048, 1, 1, 1];nb=[4, 8192, 8192, 8192]	src0='blk.5.ssm_out.weight':type=q4_K;ne=[4096, 2048, 1, 1];nb=[144, 2304, 4718592, 4718592]	src1='final_output-5':type=f32;ne=[4096, 1, 1, 1];nb=[4, 16384, 16384, 16384]
[SYCL][OP] call ggml_sycl_op_mul_mat/quantize_row_q8_1_sycl: dst='linear_attn_out-5':type=f32;ne=[2048, 1, 1, 1];nb=[4, 8192, 8192, 8192]	src0='blk.5.ssm_out.weight':type=q4_K;ne=[4096, 2048, 1, 1];nb=[144, 2304, 4718592, 4718592]	src1='final_output-5':type=f32;ne=[4096, 1, 1, 1];nb=[4, 16384, 16384, 16384] : converting src1 to Q8_1
[SYCL][OP] call ggml_sycl_mul_mat_id: dst='ffn_moe_gate-5':type=f32;ne=[512, 8, 1, 1];nb=[4, 2048, 16384, 16384]	src0='blk.5.ffn_gate_exps.weight':type=q4_K;ne=[2048, 512, 256, 1];nb=[144, 1152, 589824, 150994944]	src1='attn_post_norm-5 (reshaped)':type=f32;ne=[2048, 1, 1, 1];nb=[4, 8192, 8192, 8192]	src2='ffn_moe_topk-5':type=i32;ne=[8, 1, 1, 1];nb=[4, 1024, 1024, 1024]
[SYCL][OP] call ggml_sycl_mul_mat_id done
[SYCL][OP] call ggml_sycl_mul_mat_id: dst='ffn_moe_up-5':type=f32;ne=[512, 8, 1, 1];nb=[4, 2048, 16384, 16384]	src0='blk.5.ffn_up_exps.weight':type=q4_K;ne=[2048, 512, 256, 1];nb=[144, 1152, 589824, 150994944]	src1='attn_post_norm-5 (reshaped)':type=f32;ne=[2048, 1, 1, 1];nb=[4, 8192, 8192, 8192]	src2='ffn_moe_topk-5':type=i32;ne=[8, 1, 1, 1];nb=[4, 1024, 1024, 1024]
[SYCL][OP] call ggml_sycl_mul_mat_id done
[SYCL][OP] call ggml_sycl_mul_mat_id: dst='ffn_moe_down-5':type=f32;ne=[2048, 8, 1, 1];nb=[4, 8192, 65536, 65536]	src0='blk.5.ffn_down_exps.weight':type=q4_K;ne=[512, 2048, 256, 1];nb=[144, 288, 589824, 150994944]	src1='ffn_moe_swiglu-5':type=f32;ne=[512, 8, 1, 1];nb=[4, 2048, 16384, 16384]	src2='ffn_moe_topk-5':type=i32;ne=[8, 1, 1, 1];nb=[4, 1024, 1024, 1024]
[SYCL][OP] call ggml_sycl_mul_mat_id done
[SYCL][OP] call ggml_sycl_mul_mat: dst='ffn_gate-5':type=f32;ne=[512, 1, 1, 1];nb=[4, 2048, 2048, 2048]	src0='blk.5.ffn_gate_shexp.weight':type=q4_K;ne=[2048, 512, 1, 1];nb=[144, 1152, 589824, 589824]	src1='attn_post_norm-5':type=f32;ne=[2048, 1, 1, 1];nb=[4, 8192, 8192, 8192]
[SYCL][OP] call ggml_sycl_op_mul_mat/quantize_row_q8_1_sycl: dst='ffn_gate-5':type=f32;ne=[512, 1, 1, 1];nb=[4, 2048, 2048, 2048]	src0='blk.5.ffn_gate_shexp.weight':type=q4_K;ne=[2048, 512, 1, 1];nb=[144, 1152, 589824, 589824]	src1='attn_post_norm-5':type=f32;ne=[2048, 1, 1, 1];nb=[4, 8192, 8192, 8192] : converting src1 to Q8_1
[SYCL][OP] call ggml_sycl_mul_mat: dst='ffn_up-5':type=f32;ne=[512, 1, 1, 1];nb=[4, 2048, 2048, 2048]	src0='blk.5.ffn_up_shexp.weight':type=q4_K;ne=[2048, 512, 1, 1];nb=[144, 1152, 589824, 589824]	src1='attn_post_norm-5':type=f32;ne=[2048, 1, 1, 1];nb=[4, 8192, 8192, 8192]
[SYCL][OP] call ggml_sycl_op_mul_mat/quantize_row_q8_1_sycl: dst='ffn_up-5':type=f32;ne=[512, 1, 1, 1];nb=[4, 2048, 2048, 2048]	src0='blk.5.ffn_up_shexp.weight':type=q4_K;ne=[2048, 512, 1, 1];nb=[144, 1152, 589824, 589824]	src1='attn_post_norm-5':type=f32;ne=[2048, 1, 1, 1];nb=[4, 8192, 8192, 8192] : converting src1 to Q8_1
[SYCL][OP] call ggml_sycl_mul_mat: dst='ffn_shexp-5':type=f32;ne=[2048, 1, 1, 1];nb=[4, 8192, 8192, 8192]	src0='blk.5.ffn_down_shexp.weight':type=q4_K;ne=[512, 2048, 1, 1];nb=[144, 288, 589824, 589824]	src1='ffn_swiglu-5':type=f32;ne=[512, 1, 1, 1];nb=[4, 2048, 2048, 2048]
[SYCL][OP] call ggml_sycl_op_mul_mat/quantize_row_q8_1_sycl: dst='ffn_shexp-5':type=f32;ne=[2048, 1, 1, 1];nb=[4, 8192, 8192, 8192]	src0='blk.5.ffn_down_shexp.weight':type=q4_K;ne=[512, 2048, 1, 1];nb=[144, 288, 589824, 589824]	src1='ffn_swiglu-5':type=f32;ne=[512, 1, 1, 1];nb=[4, 2048, 2048, 2048] : converting src1 to Q8_1
[SYCL][OP] call ggml_sycl_mul_mat: dst='node_593':type=f32;ne=[8192, 1, 1, 1];nb=[4, 32768, 32768, 32768]	src0='blk.6.attn_qkv.weight':type=q4_K;ne=[2048, 8192, 1, 1];nb=[144, 1152, 9437184, 9437184]	src1='attn_norm-6':type=f32;ne=[2048, 1, 1, 1];nb=[4, 8192, 8192, 8192]
[SYCL][OP] call ggml_sycl_op_mul_mat/quantize_row_q8_1_sycl: dst='node_593':type=f32;ne=[8192, 1, 1, 1];nb=[4, 32768, 32768, 32768]	src0='blk.6.attn_qkv.weight':type=q4_K;ne=[2048, 8192, 1, 1];nb=[144, 1152, 9437184, 9437184]	src1='attn_norm-6':type=f32;ne=[2048, 1, 1, 1];nb=[4, 8192, 8192, 8192] : converting src1 to Q8_1
[SYCL][OP] call ggml_sycl_mul_mat: dst='node_614':type=f32;ne=[32, 1, 1, 1];nb=[4, 128, 128, 128]	src0='blk.6.ssm_alpha.weight':type=q4_K;ne=[2048, 32, 1, 1];nb=[144, 1152, 36864, 36864]	src1='attn_norm-6':type=f32;ne=[2048, 1, 1, 1];nb=[4, 8192, 8192, 8192]
[SYCL][OP] call ggml_sycl_op_mul_mat/quantize_row_q8_1_sycl: dst='node_614':type=f32;ne=[32, 1, 1, 1];nb=[4, 128, 128, 128]	src0='blk.6.ssm_alpha.weight':type=q4_K;ne=[2048, 32, 1, 1];nb=[144, 1152, 36864, 36864]	src1='attn_norm-6':type=f32;ne=[2048, 1, 1, 1];nb=[4, 8192, 8192, 8192] : converting src1 to Q8_1
[SYCL][OP] call ggml_sycl_mul_mat: dst='node_620':type=f32;ne=[32, 1, 1, 1];nb=[4, 128, 128, 128]	src0='blk.6.ssm_beta.weight':type=q4_K;ne=[2048, 32, 1, 1];nb=[144, 1152, 36864, 36864]	src1='attn_norm-6':type=f32;ne=[2048, 1, 1, 1];nb=[4, 8192, 8192, 8192]
[SYCL][OP] call ggml_sycl_op_mul_mat/quantize_row_q8_1_sycl: dst='node_620':type=f32;ne=[32, 1, 1, 1];nb=[4, 128, 128, 128]	src0='blk.6.ssm_beta.weight':type=q4_K;ne=[2048, 32, 1, 1];nb=[144, 1152, 36864, 36864]	src1='attn_norm-6':type=f32;ne=[2048, 1, 1, 1];nb=[4, 8192, 8192, 8192] : converting src1 to Q8_1
[SYCL][OP] call ggml_sycl_mul_mat: dst='z-6':type=f32;ne=[4096, 1, 1, 1];nb=[4, 16384, 16384, 16384]	src0='blk.6.attn_gate.weight':type=q4_K;ne=[2048, 4096, 1, 1];nb=[144, 1152, 4718592, 4718592]	src1='attn_norm-6':type=f32;ne=[2048, 1, 1, 1];nb=[4, 8192, 8192, 8192]
[SYCL][OP] call ggml_sycl_op_mul_mat/quantize_row_q8_1_sycl: dst='z-6':type=f32;ne=[4096, 1, 1, 1];nb=[4, 16384, 16384, 16384]	src0='blk.6.attn_gate.weight':type=q4_K;ne=[2048, 4096, 1, 1];nb=[144, 1152, 4718592, 4718592]	src1='attn_norm-6':type=f32;ne=[2048, 1, 1, 1];nb=[4, 8192, 8192, 8192] : converting src1 to Q8_1
[SYCL][OP] call ggml_sycl_mul_mat: dst='linear_attn_out-6':type=f32;ne=[2048, 1, 1, 1];nb=[4, 8192, 8192, 8192]	src0='blk.6.ssm_out.weight':type=q4_K;ne=[4096, 2048, 1, 1];nb=[144, 2304, 4718592, 4718592]	src1='final_output-6':type=f32;ne=[4096, 1, 1, 1];nb=[4, 16384, 16384, 16384]
[SYCL][OP] call ggml_sycl_op_mul_mat/quantize_row_q8_1_sycl: dst='linear_attn_out-6':type=f32;ne=[2048, 1, 1, 1];nb=[4, 8192, 8192, 8192]	src0='blk.6.ssm_out.weight':type=q4_K;ne=[4096, 2048, 1, 1];nb=[144, 2304, 4718592, 4718592]	src1='final_output-6':type=f32;ne=[4096, 1, 1, 1];nb=[4, 16384, 16384, 16384] : converting src1 to Q8_1
[SYCL][OP] call ggml_sycl_mul_mat_id: dst='ffn_moe_gate-6':type=f32;ne=[512, 8, 1, 1];nb=[4, 2048, 16384, 16384]	src0='blk.6.ffn_gate_exps.weight':type=q4_K;ne=[2048, 512, 256, 1];nb=[144, 1152, 589824, 150994944]	src1='attn_post_norm-6 (reshaped)':type=f32;ne=[2048, 1, 1, 1];nb=[4, 8192, 8192, 8192]	src2='ffn_moe_topk-6':type=i32;ne=[8, 1, 1, 1];nb=[4, 1024, 1024, 1024]
[SYCL][OP] call ggml_sycl_mul_mat_id done
[SYCL][OP] call ggml_sycl_mul_mat_id: dst='ffn_moe_up-6':type=f32;ne=[512, 8, 1, 1];nb=[4, 2048, 16384, 16384]	src0='blk.6.ffn_up_exps.weight':type=q4_K;ne=[2048, 512, 256, 1];nb=[144, 1152, 589824, 150994944]	src1='attn_post_norm-6 (reshaped)':type=f32;ne=[2048, 1, 1, 1];nb=[4, 8192, 8192, 8192]	src2='ffn_moe_topk-6':type=i32;ne=[8, 1, 1, 1];nb=[4, 1024, 1024, 1024]
[SYCL][OP] call ggml_sycl_mul_mat_id done
[SYCL][OP] call ggml_sycl_mul_mat_id: dst='ffn_moe_down-6':type=f32;ne=[2048, 8, 1, 1];nb=[4, 8192, 65536, 65536]	src0='blk.6.ffn_down_exps.weight':type=q4_K;ne=[512, 2048, 256, 1];nb=[144, 288, 589824, 150994944]	src1='ffn_moe_swiglu-6':type=f32;ne=[512, 8, 1, 1];nb=[4, 2048, 16384, 16384]	src2='ffn_moe_topk-6':type=i32;ne=[8, 1, 1, 1];nb=[4, 1024, 1024, 1024]
[SYCL][OP] call ggml_sycl_mul_mat_id done
[SYCL][OP] call ggml_sycl_mul_mat: dst='ffn_gate-6':type=f32;ne=[512, 1, 1, 1];nb=[4, 2048, 2048, 2048]	src0='blk.6.ffn_gate_shexp.weight':type=q4_K;ne=[2048, 512, 1, 1];nb=[144, 1152, 589824, 589824]	src1='attn_post_norm-6':type=f32;ne=[2048, 1, 1, 1];nb=[4, 8192, 8192, 8192]
[SYCL][OP] call ggml_sycl_op_mul_mat/quantize_row_q8_1_sycl: dst='ffn_gate-6':type=f32;ne=[512, 1, 1, 1];nb=[4, 2048, 2048, 2048]	src0='blk.6.ffn_gate_shexp.weight':type=q4_K;ne=[2048, 512, 1, 1];nb=[144, 1152, 589824, 589824]	src1='attn_post_norm-6':type=f32;ne=[2048, 1, 1, 1];nb=[4, 8192, 8192, 8192] : converting src1 to Q8_1
[SYCL][OP] call ggml_sycl_mul_mat: dst='ffn_up-6':type=f32;ne=[512, 1, 1, 1];nb=[4, 2048, 2048, 2048]	src0='blk.6.ffn_up_shexp.weight':type=q4_K;ne=[2048, 512, 1, 1];nb=[144, 1152, 589824, 589824]	src1='attn_post_norm-6':type=f32;ne=[2048, 1, 1, 1];nb=[4, 8192, 8192, 8192]
[SYCL][OP] call ggml_sycl_op_mul_mat/quantize_row_q8_1_sycl: dst='ffn_up-6':type=f32;ne=[512, 1, 1, 1];nb=[4, 2048, 2048, 2048]	src0='blk.6.ffn_up_shexp.weight':type=q4_K;ne=[2048, 512, 1, 1];nb=[144, 1152, 589824, 589824]	src1='attn_post_norm-6':type=f32;ne=[2048, 1, 1, 1];nb=[4, 8192, 8192, 8192] : converting src1 to Q8_1
[SYCL][OP] call ggml_sycl_mul_mat: dst='ffn_shexp-6':type=f32;ne=[2048, 1, 1, 1];nb=[4, 8192, 8192, 8192]	src0='blk.6.ffn_down_shexp.weight':type=q4_K;ne=[512, 2048, 1, 1];nb=[144, 288, 589824, 589824]	src1='ffn_swiglu-6':type=f32;ne=[512, 1, 1, 1];nb=[4, 2048, 2048, 2048]
[SYCL][OP] call ggml_sycl_op_mul_mat/quantize_row_q8_1_sycl: dst='ffn_shexp-6':type=f32;ne=[2048, 1, 1, 1];nb=[4, 8192, 8192, 8192]	src0='blk.6.ffn_down_shexp.weight':type=q4_K;ne=[512, 2048, 1, 1];nb=[144, 288, 589824, 589824]	src1='ffn_swiglu-6':type=f32;ne=[512, 1, 1, 1];nb=[4, 2048, 2048, 2048] : converting src1 to Q8_1
[SYCL][OP] call ggml_sycl_mul_mat: dst='Qcur_full-7':type=f32;ne=[8192, 1, 1, 1];nb=[4, 32768, 32768, 32768]	src0='blk.7.attn_q.weight':type=q4_K;ne=[2048, 8192, 1, 1];nb=[144, 1152, 9437184, 9437184]	src1='attn_norm-7':type=f32;ne=[2048, 1, 1, 1];nb=[4, 8192, 8192, 8192]
[SYCL][OP] call ggml_sycl_op_mul_mat/quantize_row_q8_1_sycl: dst='Qcur_full-7':type=f32;ne=[8192, 1, 1, 1];nb=[4, 32768, 32768, 32768]	src0='blk.7.attn_q.weight':type=q4_K;ne=[2048, 8192, 1, 1];nb=[144, 1152, 9437184, 9437184]	src1='attn_norm-7':type=f32;ne=[2048, 1, 1, 1];nb=[4, 8192, 8192, 8192] : converting src1 to Q8_1
[SYCL][OP] call ggml_sycl_mul_mat: dst='Kcur-7':type=f32;ne=[512, 1, 1, 1];nb=[4, 2048, 2048, 2048]	src0='blk.7.attn_k.weight':type=q4_K;ne=[2048, 512, 1, 1];nb=[144, 1152, 589824, 589824]	src1='attn_norm-7':type=f32;ne=[2048, 1, 1, 1];nb=[4, 8192, 8192, 8192]
[SYCL][OP] call ggml_sycl_op_mul_mat/quantize_row_q8_1_sycl: dst='Kcur-7':type=f32;ne=[512, 1, 1, 1];nb=[4, 2048, 2048, 2048]	src0='blk.7.attn_k.weight':type=q4_K;ne=[2048, 512, 1, 1];nb=[144, 1152, 589824, 589824]	src1='attn_norm-7':type=f32;ne=[2048, 1, 1, 1];nb=[4, 8192, 8192, 8192] : converting src1 to Q8_1
[SYCL][OP] call ggml_sycl_mul_mat: dst='attn_output-7':type=f32;ne=[2048, 1, 1, 1];nb=[4, 8192, 8192, 8192]	src0='blk.7.attn_output.weight':type=q4_K;ne=[4096, 2048, 1, 1];nb=[144, 2304, 4718592, 4718592]	src1='attn_gated-7':type=f32;ne=[4096, 1, 1, 1];nb=[4, 16384, 16384, 16384]
[SYCL][OP] call ggml_sycl_op_mul_mat/quantize_row_q8_1_sycl: dst='attn_output-7':type=f32;ne=[2048, 1, 1, 1];nb=[4, 8192, 8192, 8192]	src0='blk.7.attn_output.weight':type=q4_K;ne=[4096, 2048, 1, 1];nb=[144, 2304, 4718592, 4718592]	src1='attn_gated-7':type=f32;ne=[4096, 1, 1, 1];nb=[4, 16384, 16384, 16384] : converting src1 to Q8_1
[SYCL][OP] call ggml_sycl_mul_mat_id: dst='ffn_moe_gate-7':type=f32;ne=[512, 8, 1, 1];nb=[4, 2048, 16384, 16384]	src0='blk.7.ffn_gate_exps.weight':type=q4_K;ne=[2048, 512, 256, 1];nb=[144, 1152, 589824, 150994944]	src1='attn_post_norm-7 (reshaped)':type=f32;ne=[2048, 1, 1, 1];nb=[4, 8192, 8192, 8192]	src2='ffn_moe_topk-7':type=i32;ne=[8, 1, 1, 1];nb=[4, 1024, 1024, 1024]
[SYCL][OP] call ggml_sycl_mul_mat_id done
[SYCL][OP] call ggml_sycl_mul_mat_id: dst='ffn_moe_up-7':type=f32;ne=[512, 8, 1, 1];nb=[4, 2048, 16384, 16384]	src0='blk.7.ffn_up_exps.weight':type=q4_K;ne=[2048, 512, 256, 1];nb=[144, 1152, 589824, 150994944]	src1='attn_post_norm-7 (reshaped)':type=f32;ne=[2048, 1, 1, 1];nb=[4, 8192, 8192, 8192]	src2='ffn_moe_topk-7':type=i32;ne=[8, 1, 1, 1];nb=[4, 1024, 1024, 1024]
[SYCL][OP] call ggml_sycl_mul_mat_id done
[SYCL][OP] call ggml_sycl_mul_mat_id: dst='ffn_moe_down-7':type=f32;ne=[2048, 8, 1, 1];nb=[4, 8192, 65536, 65536]	src0='blk.7.ffn_down_exps.weight':type=q6_K;ne=[512, 2048, 256, 1];nb=[210, 420, 860160, 220200960]	src1='ffn_moe_swiglu-7':type=f32;ne=[512, 8, 1, 1];nb=[4, 2048, 16384, 16384]	src2='ffn_moe_topk-7':type=i32;ne=[8, 1, 1, 1];nb=[4, 1024, 1024, 1024]
[SYCL][OP] call ggml_sycl_mul_mat_id done
[SYCL][OP] call ggml_sycl_mul_mat: dst='ffn_gate-7':type=f32;ne=[512, 1, 1, 1];nb=[4, 2048, 2048, 2048]	src0='blk.7.ffn_gate_shexp.weight':type=q4_K;ne=[2048, 512, 1, 1];nb=[144, 1152, 589824, 589824]	src1='attn_post_norm-7':type=f32;ne=[2048, 1, 1, 1];nb=[4, 8192, 8192, 8192]
[SYCL][OP] call ggml_sycl_op_mul_mat/quantize_row_q8_1_sycl: dst='ffn_gate-7':type=f32;ne=[512, 1, 1, 1];nb=[4, 2048, 2048, 2048]	src0='blk.7.ffn_gate_shexp.weight':type=q4_K;ne=[2048, 512, 1, 1];nb=[144, 1152, 589824, 589824]	src1='attn_post_norm-7':type=f32;ne=[2048, 1, 1, 1];nb=[4, 8192, 8192, 8192] : converting src1 to Q8_1
[SYCL][OP] call ggml_sycl_mul_mat: dst='ffn_up-7':type=f32;ne=[512, 1, 1, 1];nb=[4, 2048, 2048, 2048]	src0='blk.7.ffn_up_shexp.weight':type=q4_K;ne=[2048, 512, 1, 1];nb=[144, 1152, 589824, 589824]	src1='attn_post_norm-7':type=f32;ne=[2048, 1, 1, 1];nb=[4, 8192, 8192, 8192]
[SYCL][OP] call ggml_sycl_op_mul_mat/quantize_row_q8_1_sycl: dst='ffn_up-7':type=f32;ne=[512, 1, 1, 1];nb=[4, 2048, 2048, 2048]	src0='blk.7.ffn_up_shexp.weight':type=q4_K;ne=[2048, 512, 1, 1];nb=[144, 1152, 589824, 589824]	src1='attn_post_norm-7':type=f32;ne=[2048, 1, 1, 1];nb=[4, 8192, 8192, 8192] : converting src1 to Q8_1
[SYCL][OP] call ggml_sycl_mul_mat: dst='node_773':type=f32;ne=[8192, 1, 1, 1];nb=[4, 32768, 32768, 32768]	src0='blk.8.attn_qkv.weight':type=q4_K;ne=[2048, 8192, 1, 1];nb=[144, 1152, 9437184, 9437184]	src1='attn_norm-8':type=f32;ne=[2048, 1, 1, 1];nb=[4, 8192, 8192, 8192]
[SYCL][OP] call ggml_sycl_op_mul_mat/quantize_row_q8_1_sycl: dst='node_773':type=f32;ne=[8192, 1, 1, 1];nb=[4, 32768, 32768, 32768]	src0='blk.8.attn_qkv.weight':type=q4_K;ne=[2048, 8192, 1, 1];nb=[144, 1152, 9437184, 9437184]	src1='attn_norm-8':type=f32;ne=[2048, 1, 1, 1];nb=[4, 8192, 8192, 8192] : converting src1 to Q8_1
[SYCL][OP] call ggml_sycl_mul_mat: dst='node_794':type=f32;ne=[32, 1, 1, 1];nb=[4, 128, 128, 128]	src0='blk.8.ssm_alpha.weight':type=q4_K;ne=[2048, 32, 1, 1];nb=[144, 1152, 36864, 36864]	src1='attn_norm-8':type=f32;ne=[2048, 1, 1, 1];nb=[4, 8192, 8192, 8192]
[SYCL][OP] call ggml_sycl_op_mul_mat/quantize_row_q8_1_sycl: dst='node_794':type=f32;ne=[32, 1, 1, 1];nb=[4, 128, 128, 128]	src0='blk.8.ssm_alpha.weight':type=q4_K;ne=[2048, 32, 1, 1];nb=[144, 1152, 36864, 36864]	src1='attn_norm-8':type=f32;ne=[2048, 1, 1, 1];nb=[4, 8192, 8192, 8192] : converting src1 to Q8_1
[SYCL][OP] call ggml_sycl_mul_mat: dst='node_800':type=f32;ne=[32, 1, 1, 1];nb=[4, 128, 128, 128]	src0='blk.8.ssm_beta.weight':type=q4_K;ne=[2048, 32, 1, 1];nb=[144, 1152, 36864, 36864]	src1='attn_norm-8':type=f32;ne=[2048, 1, 1, 1];nb=[4, 8192, 8192, 8192]
[SYCL][OP] call ggml_sycl_op_mul_mat/quantize_row_q8_1_sycl: dst='node_800':type=f32;ne=[32, 1, 1, 1];nb=[4, 128, 128, 128]	src0='blk.8.ssm_beta.weight':type=q4_K;ne=[2048, 32, 1, 1];nb=[144, 1152, 36864, 36864]	src1='attn_norm-8':type=f32;ne=[2048, 1, 1, 1];nb=[4, 8192, 8192, 8192] : converting src1 to Q8_1
[SYCL][OP] call ggml_sycl_mul_mat: dst='z-8':type=f32;ne=[4096, 1, 1, 1];nb=[4, 16384, 16384, 16384]	src0='blk.8.attn_gate.weight':type=q4_K;ne=[2048, 4096, 1, 1];nb=[144, 1152, 4718592, 4718592]	src1='attn_norm-8':type=f32;ne=[2048, 1, 1, 1];nb=[4, 8192, 8192, 8192]
[SYCL][OP] call ggml_sycl_op_mul_mat/quantize_row_q8_1_sycl: dst='z-8':type=f32;ne=[4096, 1, 1, 1];nb=[4, 16384, 16384, 16384]	src0='blk.8.attn_gate.weight':type=q4_K;ne=[2048, 4096, 1, 1];nb=[144, 1152, 4718592, 4718592]	src1='attn_norm-8':type=f32;ne=[2048, 1, 1, 1];nb=[4, 8192, 8192, 8192] : converting src1 to Q8_1
[SYCL][OP] call ggml_sycl_mul_mat: dst='linear_attn_out-8':type=f32;ne=[2048, 1, 1, 1];nb=[4, 8192, 8192, 8192]	src0='blk.8.ssm_out.weight':type=q4_K;ne=[4096, 2048, 1, 1];nb=[144, 2304, 4718592, 4718592]	src1='final_output-8':type=f32;ne=[4096, 1, 1, 1];nb=[4, 16384, 16384, 16384]
[SYCL][OP] call ggml_sycl_op_mul_mat/quantize_row_q8_1_sycl: dst='linear_attn_out-8':type=f32;ne=[2048, 1, 1, 1];nb=[4, 8192, 8192, 8192]	src0='blk.8.ssm_out.weight':type=q4_K;ne=[4096, 2048, 1, 1];nb=[144, 2304, 4718592, 4718592]	src1='final_output-8':type=f32;ne=[4096, 1, 1, 1];nb=[4, 16384, 16384, 16384] : converting src1 to Q8_1
[SYCL][OP] call ggml_sycl_mul_mat_id: dst='ffn_moe_gate-8':type=f32;ne=[512, 8, 1, 1];nb=[4, 2048, 16384, 16384]	src0='blk.8.ffn_gate_exps.weight':type=q4_K;ne=[2048, 512, 256, 1];nb=[144, 1152, 589824, 150994944]	src1='attn_post_norm-8 (reshaped)':type=f32;ne=[2048, 1, 1, 1];nb=[4, 8192, 8192, 8192]	src2='ffn_moe_topk-8':type=i32;ne=[8, 1, 1, 1];nb=[4, 1024, 1024, 1024]
[SYCL][OP] call ggml_sycl_mul_mat_id done
