# init_tensor reorder A/B — same binary (gate: GGML_SYCL_NO_IQ3_REORDER), model NX2-IQ3_A770-mixed-LUT.gguf, B70 dedicated
# 2026-06-15T01:11:53Z  build: e10ee49fd+tempgate
### RUN 1/3: OFF (reorder dormant — init_tensor extra skipped)
| model                          |       size |     params | backend    | ngl |            test |                  t/s |
| ------------------------------ | ---------: | ---------: | ---------- | --: | --------------: | -------------------: |
| qwen35moe 35B.A3B Q6_K         |  15.00 GiB |    34.66 B | SYCL       |  -1 |           pp512 |        599.66 ± 2.04 |
| qwen35moe 35B.A3B Q6_K         |  15.00 GiB |    34.66 B | SYCL       |  -1 |           tg128 |         43.71 ± 0.04 |

build: e10ee49fd (6)
### RUN 2/3: ON (reorder live — 0007 path)
| model                          |       size |     params | backend    | ngl |            test |                  t/s |
| ------------------------------ | ---------: | ---------: | ---------- | --: | --------------: | -------------------: |
| qwen35moe 35B.A3B Q6_K         |  15.00 GiB |    34.66 B | SYCL       |  -1 |           pp512 |        600.21 ± 1.38 |
| qwen35moe 35B.A3B Q6_K         |  15.00 GiB |    34.66 B | SYCL       |  -1 |           tg128 |         82.26 ± 0.04 |

build: e10ee49fd (6)
### RUN 3/3: ON (reproducibility)
| model                          |       size |     params | backend    | ngl |            test |                  t/s |
| ------------------------------ | ---------: | ---------: | ---------- | --: | --------------: | -------------------: |
| qwen35moe 35B.A3B Q6_K         |  15.00 GiB |    34.66 B | SYCL       |  -1 |           pp512 |        600.17 ± 1.58 |
| qwen35moe 35B.A3B Q6_K         |  15.00 GiB |    34.66 B | SYCL       |  -1 |           tg128 |         82.43 ± 0.05 |

build: e10ee49fd (6)
